2026-06-03 21:57:34.574 INFO  c.k.k.c.l.logback.LogbackConfigurator    - Logback default configuration initialized from: C:\Users\Lenovo\.katalon\packages\KS-11.1.3\configuration\org.eclipse.osgi\150\0\.cp\resources\logback\logback-execution.xml
2026-06-03 21:57:34.577 INFO  c.k.k.c.l.logback.LogbackConfigurator    - Logback custom configuration initialized from: D:\UNILA\SKRIPSI\Pengujian\Functional Suitability\Functional-Suitability-GIPM\Include\config\log.properties
2026-06-03 21:57:35.384 INFO  c.k.katalon.core.main.TestSuiteExecutor  - START Test Suites/TS-02_ManajemenDataProyek
2026-06-03 21:57:35.472 INFO  c.k.katalon.core.main.TestSuiteExecutor  - userFullName = Arnora Mardiansyah
2026-06-03 21:57:35.473 INFO  c.k.katalon.core.main.TestSuiteExecutor  - projectName = Functional-Suitability-GIPM
2026-06-03 21:57:35.475 INFO  c.k.katalon.core.main.TestSuiteExecutor  - hostName = Lenovo - LAPTOP-5JN3FB4L
2026-06-03 21:57:35.476 INFO  c.k.katalon.core.main.TestSuiteExecutor  - os = Windows 11 64bit
2026-06-03 21:57:35.477 INFO  c.k.katalon.core.main.TestSuiteExecutor  - hostAddress = 192.168.1.1
2026-06-03 21:57:35.478 INFO  c.k.katalon.core.main.TestSuiteExecutor  - katalonVersion = 11.1.3.0
2026-06-03 21:57:35.622 INFO  c.k.katalon.core.main.TestCaseExecutor   - --------------------
2026-06-03 21:57:35.622 INFO  c.k.katalon.core.main.TestCaseExecutor   - START Test Cases/TS-02_ManajemenDataProyek/TC-02-01_Tambah project baru
2026-06-03 21:57:35.984 DEBUG testcase.TC-02-01_Tambah project baru    - 1: openBrowser("")
2026-06-03 21:57:36.299 INFO  c.k.k.core.webui.driver.DriverFactory    - Starting 'Chrome' driver
2026-06-03 21:57:36.353 INFO  c.k.k.core.webui.driver.DriverFactory    - Action delay is set to 0 milliseconds
2026-06-03 21:57:38.609 INFO  c.k.k.core.webui.driver.DriverFactory    - sessionId = 97b57f3573099718f91118ac9dcbe2f2
2026-06-03 21:57:38.610 INFO  c.k.k.core.webui.driver.DriverFactory    - browser = Chrome 148.0.7778.217
2026-06-03 21:57:38.612 INFO  c.k.k.core.webui.driver.DriverFactory    - platform = Windows 11
2026-06-03 21:57:38.612 INFO  c.k.k.core.webui.driver.DriverFactory    - seleniumVersion = 4.39.0
2026-06-03 21:57:38.621 INFO  c.k.k.core.webui.driver.DriverFactory    - proxyInformation = ProxyInformation { proxyOption=NO_PROXY, proxyServerType=HTTP, username=, password=********, proxyServerAddress=, proxyServerPort=0, executionList="", isApplyToDesiredCapabilities=true }
2026-06-03 21:57:38.672 DEBUG testcase.TC-02-01_Tambah project baru    - 2: navigateToUrl("https://gipm.destroidmous.my.id/login")
2026-06-03 21:57:39.611 DEBUG testcase.TC-02-01_Tambah project baru    - 3: setText(findTestObject("Page_Log in - GiPM/input_Email"), "Arnor@gmail.com")
2026-06-03 21:57:41.085 DEBUG testcase.TC-02-01_Tambah project baru    - 4: setEncryptedText(findTestObject("Page_Log in - GiPM/input_Password"), "yjcyc3Nku24=")
2026-06-03 21:57:41.561 DEBUG testcase.TC-02-01_Tambah project baru    - 5: click(findTestObject("Page_Log in - GiPM/button_Log in"))
2026-06-03 21:57:41.959 DEBUG testcase.TC-02-01_Tambah project baru    - 6: click(findTestObject("Page_Dashboard - GiPM/a_Projects"))
2026-06-03 21:57:43.013 DEBUG testcase.TC-02-01_Tambah project baru    - 7: click(findTestObject("Page_- GiPM/label_Arnora"))
2026-06-03 21:57:43.865 DEBUG testcase.TC-02-01_Tambah project baru    - 8: click(findTestObject("Page_- GiPM/label_ArnorDev"))
2026-06-03 21:57:44.460 DEBUG testcase.TC-02-01_Tambah project baru    - 9: click(findTestObject("Page_- GiPM/label_ArnoraUser"))
2026-06-03 21:57:45.125 DEBUG testcase.TC-02-01_Tambah project baru    - 10: setText(findTestObject("Page_- GiPM/input_w-full border rounded px-3 py-2"), "Sistem Manajemen Proyek Test Berbasis Web")
2026-06-03 21:57:46.345 DEBUG testcase.TC-02-01_Tambah project baru    - 11: click(findTestObject("Page_- GiPM/input_Login - 21"))
2026-06-03 21:57:46.984 DEBUG testcase.TC-02-01_Tambah project baru    - 12: click(findTestObject("Page_- GiPM/input_Logout - 3"))
2026-06-03 21:57:47.566 DEBUG testcase.TC-02-01_Tambah project baru    - 13: click(findTestObject("Page_- GiPM/input_Edit profil - 6"))
2026-06-03 21:57:48.230 DEBUG testcase.TC-02-01_Tambah project baru    - 14: click(findTestObject("Page_- GiPM/span_ganti password - 7"))
2026-06-03 21:57:48.890 DEBUG testcase.TC-02-01_Tambah project baru    - 15: click(findTestObject("Page_- GiPM/span_CRUD manajemen user  role - 30"))
2026-06-03 21:57:49.511 DEBUG testcase.TC-02-01_Tambah project baru    - 16: click(findTestObject("Page_- GiPM/span_CRUD Profil dan Identitas Desa - 13"))
2026-06-03 21:57:50.137 DEBUG testcase.TC-02-01_Tambah project baru    - 17: setText(findTestObject("Page_- GiPM/input_w-full border rounded px-3 py-2_1"), "5")
2026-06-03 21:57:51.166 DEBUG testcase.TC-02-01_Tambah project baru    - 18: setText(findTestObject("Page_- GiPM/input_w-full border rounded px-3 py-2_2"), "Pengembangan sistem manajemen proyek berbasis web untuk monitoring")
2026-06-03 21:57:52.329 DEBUG testcase.TC-02-01_Tambah project baru    - 19: setText(findTestObject("Page_- GiPM/input_w-full border rounded px-3 py-2_3"), "120")
2026-06-03 21:57:53.242 DEBUG testcase.TC-02-01_Tambah project baru    - 20: click(findTestObject("Page_- GiPM/input_w-full border rounded px-3 py-2_4"))
2026-06-03 21:57:53.830 DEBUG testcase.TC-02-01_Tambah project baru    - 21: setText(findTestObject("Page_- GiPM/input_w-full border rounded px-3 py-2_5"), "8")
2026-06-03 21:57:54.544 DEBUG testcase.TC-02-01_Tambah project baru    - 22: setText(findTestObject("Page_- GiPM/input_w-full border rounded px-3 py-2_6"), "50000")
2026-06-03 21:57:55.508 DEBUG testcase.TC-02-01_Tambah project baru    - 23: setText(findTestObject("Page_- GiPM/input_w-full border rounded px-3 py-2_7"), "500")
2026-06-03 21:57:56.513 DEBUG testcase.TC-02-01_Tambah project baru    - 24: click(findTestObject("Page_- GiPM/input_w-full border rounded px-3 py-2_8"))
2026-06-03 21:57:57.211 DEBUG testcase.TC-02-01_Tambah project baru    - 25: click(findTestObject("Page_- GiPM/input_w-full border rounded px-3 py-2_9"))
2026-06-03 21:57:57.660 DEBUG testcase.TC-02-01_Tambah project baru    - 26: click(findTestObject("Page_- GiPM/div_Biaya Awal Proyek"))
2026-06-03 21:57:58.073 DEBUG testcase.TC-02-01_Tambah project baru    - 27: click(findTestObject("Page_- GiPM/input_w-full border rounded px-3 py-2_8"))
2026-06-03 21:57:58.438 DEBUG testcase.TC-02-01_Tambah project baru    - 28: doubleClick(findTestObject("Page_- GiPM/input_w-full border rounded px-3 py-2_8"))
2026-06-03 21:57:58.955 DEBUG testcase.TC-02-01_Tambah project baru    - 29: click(findTestObject("Page_- GiPM/input_w-full border rounded px-3 py-2_8"))
2026-06-03 21:57:59.402 DEBUG testcase.TC-02-01_Tambah project baru    - 30: setText(findTestObject("Page_- GiPM/input_w-full border rounded px-3 py-2_9"), "15000000")
2026-06-03 21:58:00.239 DEBUG testcase.TC-02-01_Tambah project baru    - 31: click(findTestObject("Page_- GiPM/input_w-full border rounded px-3 py-2_10"))
2026-06-03 21:58:00.885 DEBUG testcase.TC-02-01_Tambah project baru    - 32: click(findTestObject("Page_- GiPM/input_w-full border rounded px-3 py-2_11"))
2026-06-03 21:58:01.306 DEBUG testcase.TC-02-01_Tambah project baru    - 33: setText(findTestObject("Page_- GiPM/input_w-full border rounded px-3 py-2_10"), "300")
2026-06-03 21:58:02.035 DEBUG testcase.TC-02-01_Tambah project baru    - 34: setText(findTestObject("Page_- GiPM/input_w-full border rounded px-3 py-2_12"), "5000000")
2026-06-03 21:58:03.009 DEBUG testcase.TC-02-01_Tambah project baru    - 35: setText(findTestObject("Page_- GiPM/input_w-full border rounded px-3 py-2_13"), "120")
2026-06-03 21:58:03.990 DEBUG testcase.TC-02-01_Tambah project baru    - 36: click(findTestObject("Page_- GiPM/button_Simpan Project"))
2026-06-03 21:58:04.676 INFO  c.k.katalon.core.main.TestCaseExecutor   - END Test Cases/TS-02_ManajemenDataProyek/TC-02-01_Tambah project baru
2026-06-03 21:58:04.683 INFO  c.k.katalon.core.main.TestCaseExecutor   - --------------------
2026-06-03 21:58:04.683 INFO  c.k.katalon.core.main.TestCaseExecutor   - START Test Cases/TS-02_ManajemenDataProyek/TC-02-02_Nama project kosong
2026-06-03 21:58:04.805 DEBUG testcase.TC-02-02_Nama project kosong    - 1: openBrowser("")
2026-06-03 21:58:04.807 WARN  c.k.k.core.webui.driver.DriverFactory    - A browser is already opened. Closing browser and opening a new one
2026-06-03 21:58:05.119 INFO  c.k.k.core.webui.driver.DriverFactory    - Starting 'Chrome' driver
2026-06-03 21:58:05.123 INFO  c.k.k.core.webui.driver.DriverFactory    - Action delay is set to 0 milliseconds
2026-06-03 21:58:06.316 INFO  c.k.k.core.webui.driver.DriverFactory    - sessionId = ca194150681e759047513e5a51863ab6
2026-06-03 21:58:06.316 INFO  c.k.k.core.webui.driver.DriverFactory    - browser = Chrome 148.0.7778.217
2026-06-03 21:58:06.317 INFO  c.k.k.core.webui.driver.DriverFactory    - platform = Windows 11
2026-06-03 21:58:06.317 INFO  c.k.k.core.webui.driver.DriverFactory    - seleniumVersion = 4.39.0
2026-06-03 21:58:06.318 INFO  c.k.k.core.webui.driver.DriverFactory    - proxyInformation = ProxyInformation { proxyOption=NO_PROXY, proxyServerType=HTTP, username=, password=********, proxyServerAddress=, proxyServerPort=0, executionList="", isApplyToDesiredCapabilities=true }
2026-06-03 21:58:06.338 DEBUG testcase.TC-02-02_Nama project kosong    - 2: navigateToUrl("https://gipm.destroidmous.my.id/login")
2026-06-03 21:58:06.880 DEBUG testcase.TC-02-02_Nama project kosong    - 3: setText(findTestObject("Page_Log in - GiPM/input_Email"), "Arnor@gmail.com")
2026-06-03 21:58:08.155 DEBUG testcase.TC-02-02_Nama project kosong    - 4: setEncryptedText(findTestObject("Page_Log in - GiPM/input_Password"), "yjcyc3Nku24=")
2026-06-03 21:58:08.572 DEBUG testcase.TC-02-02_Nama project kosong    - 5: click(findTestObject("Page_Log in - GiPM/button_Log in"))
2026-06-03 21:58:08.951 DEBUG testcase.TC-02-02_Nama project kosong    - 6: click(findTestObject("Page_Dashboard - GiPM/a_Projects"))
2026-06-03 21:58:09.879 DEBUG testcase.TC-02-02_Nama project kosong    - 7: click(findTestObject("Page_- GiPM/label_Arnora"))
2026-06-03 21:58:10.587 DEBUG testcase.TC-02-02_Nama project kosong    - 8: click(findTestObject("Page_- GiPM/label_ArnorDev"))
2026-06-03 21:58:11.162 DEBUG testcase.TC-02-02_Nama project kosong    - 9: click(findTestObject("Page_- GiPM/label_ArnoraUser"))
2026-06-03 21:58:11.779 DEBUG testcase.TC-02-02_Nama project kosong    - 10: setText(findTestObject("Page_- GiPM/input_w-full border rounded px-3 py-2"), "")
2026-06-03 21:58:12.768 DEBUG testcase.TC-02-02_Nama project kosong    - 11: click(findTestObject("Page_- GiPM/input_Login - 21"))
2026-06-03 21:58:13.117 DEBUG testcase.TC-02-02_Nama project kosong    - 12: click(findTestObject("Page_- GiPM/input_Logout - 3"))
2026-06-03 21:58:13.733 DEBUG testcase.TC-02-02_Nama project kosong    - 13: click(findTestObject("Page_- GiPM/input_Edit profil - 6"))
2026-06-03 21:58:14.375 DEBUG testcase.TC-02-02_Nama project kosong    - 14: click(findTestObject("Page_- GiPM/span_ganti password - 7"))
2026-06-03 21:58:15.049 DEBUG testcase.TC-02-02_Nama project kosong    - 15: click(findTestObject("Page_- GiPM/span_CRUD manajemen user  role - 30"))
2026-06-03 21:58:15.637 DEBUG testcase.TC-02-02_Nama project kosong    - 16: click(findTestObject("Page_- GiPM/span_CRUD Profil dan Identitas Desa - 13"))
2026-06-03 21:58:16.308 DEBUG testcase.TC-02-02_Nama project kosong    - 17: setText(findTestObject("Page_- GiPM/input_w-full border rounded px-3 py-2_1"), "5")
2026-06-03 21:58:17.306 DEBUG testcase.TC-02-02_Nama project kosong    - 18: setText(findTestObject("Page_- GiPM/input_w-full border rounded px-3 py-2_2"), "Pengembangan sistem manajemen proyek berbasis web untuk monitoring")
2026-06-03 21:58:18.509 DEBUG testcase.TC-02-02_Nama project kosong    - 19: setText(findTestObject("Page_- GiPM/input_w-full border rounded px-3 py-2_3"), "120")
2026-06-03 21:58:19.435 DEBUG testcase.TC-02-02_Nama project kosong    - 20: click(findTestObject("Page_- GiPM/input_w-full border rounded px-3 py-2_4"))
2026-06-03 21:58:20.015 DEBUG testcase.TC-02-02_Nama project kosong    - 21: setText(findTestObject("Page_- GiPM/input_w-full border rounded px-3 py-2_5"), "8")
2026-06-03 21:58:20.689 DEBUG testcase.TC-02-02_Nama project kosong    - 22: setText(findTestObject("Page_- GiPM/input_w-full border rounded px-3 py-2_6"), "50000")
2026-06-03 21:58:21.639 DEBUG testcase.TC-02-02_Nama project kosong    - 23: setText(findTestObject("Page_- GiPM/input_w-full border rounded px-3 py-2_7"), "500")
2026-06-03 21:58:22.556 DEBUG testcase.TC-02-02_Nama project kosong    - 24: click(findTestObject("Page_- GiPM/input_w-full border rounded px-3 py-2_8"))
2026-06-03 21:58:23.147 DEBUG testcase.TC-02-02_Nama project kosong    - 25: click(findTestObject("Page_- GiPM/input_w-full border rounded px-3 py-2_9"))
2026-06-03 21:58:23.505 DEBUG testcase.TC-02-02_Nama project kosong    - 26: click(findTestObject("Page_- GiPM/div_Biaya Awal Proyek"))
2026-06-03 21:58:23.949 DEBUG testcase.TC-02-02_Nama project kosong    - 27: click(findTestObject("Page_- GiPM/input_w-full border rounded px-3 py-2_8"))
2026-06-03 21:58:24.315 DEBUG testcase.TC-02-02_Nama project kosong    - 28: doubleClick(findTestObject("Page_- GiPM/input_w-full border rounded px-3 py-2_8"))
2026-06-03 21:58:24.755 DEBUG testcase.TC-02-02_Nama project kosong    - 29: click(findTestObject("Page_- GiPM/input_w-full border rounded px-3 py-2_8"))
2026-06-03 21:58:25.118 DEBUG testcase.TC-02-02_Nama project kosong    - 30: setText(findTestObject("Page_- GiPM/input_w-full border rounded px-3 py-2_9"), "15000000")
2026-06-03 21:58:25.870 DEBUG testcase.TC-02-02_Nama project kosong    - 31: click(findTestObject("Page_- GiPM/input_w-full border rounded px-3 py-2_10"))
2026-06-03 21:58:26.492 DEBUG testcase.TC-02-02_Nama project kosong    - 32: click(findTestObject("Page_- GiPM/input_w-full border rounded px-3 py-2_11"))
2026-06-03 21:58:26.880 DEBUG testcase.TC-02-02_Nama project kosong    - 33: setText(findTestObject("Page_- GiPM/input_w-full border rounded px-3 py-2_10"), "300")
2026-06-03 21:58:27.664 DEBUG testcase.TC-02-02_Nama project kosong    - 34: setText(findTestObject("Page_- GiPM/input_w-full border rounded px-3 py-2_12"), "5000000")
2026-06-03 21:58:28.652 DEBUG testcase.TC-02-02_Nama project kosong    - 35: setText(findTestObject("Page_- GiPM/input_w-full border rounded px-3 py-2_13"), "120")
2026-06-03 21:58:29.792 DEBUG testcase.TC-02-02_Nama project kosong    - 36: click(findTestObject("Page_- GiPM/button_Simpan Project"))
2026-06-03 21:58:30.430 DEBUG testcase.TC-02-02_Nama project kosong    - 37: verifyTextNotPresent("Sistem Manajemen Proyek Test Berbasis Web", false)
2026-06-03 21:58:31.072 ERROR c.k.k.core.keyword.internal.KeywordMain  - ❌ Text 'Sistem Manajemen Proyek Test Berbasis Web' is present on page  (Root cause: com.kms.katalon.core.exception.StepFailedException: Text 'Sistem Manajemen Proyek Test Berbasis Web' is present on page \r\n\tat com.kms.katalon.core.webui.keyword.internal.WebUIKeywordMain.stepFailed(WebUIKeywordMain.groovy:177)\r\n\tat com.kms.katalon.core.webui.keyword.builtin.VerifyTextNotPresentKeyword$_verifyTextNotPresent_closure1.doCall(VerifyTextNotPresentKeyword.groovy:77)\r\n\tat com.kms.katalon.core.webui.keyword.builtin.VerifyTextNotPresentKeyword$_verifyTextNotPresent_closure1.call(VerifyTextNotPresentKeyword.groovy)\r\n\tat com.kms.katalon.core.webui.keyword.internal.WebUIKeywordMain.runKeyword(WebUIKeywordMain.groovy:41)\r\n\tat com.kms.katalon.core.webui.keyword.builtin.VerifyTextNotPresentKeyword.verifyTextNotPresent(VerifyTextNotPresentKeyword.groovy:82)\r\n\tat com.kms.katalon.core.webui.keyword.builtin.VerifyTextNotPresentKeyword.execute(VerifyTextNotPresentKeyword.groovy:68)\r\n\tat com.kms.katalon.core.keyword.internal.KeywordExecutor.executeKeywordForPlatform(KeywordExecutor.groovy:99)\r\n\tat com.kms.katalon.core.webui.keyword.WebUiBuiltInKeywords.verifyTextNotPresent(WebUiBuiltInKeywords.groovy:1858)\r\n\tat TC-02-02_Nama project kosong.run(TC-02-02_Nama project kosong:92)\r\n\tat com.kms.katalon.core.main.ScriptEngine.run(ScriptEngine.java:203)\r\n\tat com.kms.katalon.core.main.ScriptEngine.runScriptAsRawText(ScriptEngine.java:115)\r\n\tat com.kms.katalon.core.main.TestCaseExecutor.runScript(TestCaseExecutor.java:504)\r\n\tat com.kms.katalon.core.main.TestCaseExecutor.doExecute(TestCaseExecutor.java:495)\r\n\tat com.kms.katalon.core.main.TestCaseExecutor.processExecutionPhase(TestCaseExecutor.java:474)\r\n\tat com.kms.katalon.core.main.TestCaseExecutor.accessMainPhase(TestCaseExecutor.java:466)\r\n\tat com.kms.katalon.core.main.TestCaseExecutor.execute(TestCaseExecutor.java:336)\r\n\tat com.kms.katalon.core.common.CommonExecutor.accessTestCaseMainPhase(CommonExecutor.java:71)\r\n\tat com.kms.katalon.core.main.TestSuiteExecutor.accessTestSuiteMainPhase(TestSuiteExecutor.java:153)\r\n\tat com.kms.katalon.core.main.TestSuiteExecutor.execute(TestSuiteExecutor.java:110)\r\n\tat com.kms.katalon.core.main.TestCaseMain.startTestSuite(TestCaseMain.java:206)\r\n\tat S0603_6.run(S0603_6.groovy:40)\r\n\tat java.base/jdk.internal.reflect.DirectMethodHandleAccessor.invoke(DirectMethodHandleAccessor.java:103)\r\n)
2026-06-03 21:58:31.170 ERROR c.k.k.core.keyword.internal.KeywordMain  - ❌ Unable to verify text 'Sistem Manajemen Proyek Test Berbasis Web' is not present  (Root cause: com.kms.katalon.core.exception.StepFailedException: Unable to verify text 'Sistem Manajemen Proyek Test Berbasis Web' is not present \r\n\tat com.kms.katalon.core.webui.keyword.internal.WebUIKeywordMain.stepFailed(WebUIKeywordMain.groovy:177)\r\n\tat com.kms.katalon.core.webui.keyword.internal.WebUIKeywordMain.runKeyword(WebUIKeywordMain.groovy:49)\r\n\tat com.kms.katalon.core.webui.keyword.builtin.VerifyTextNotPresentKeyword.verifyTextNotPresent(VerifyTextNotPresentKeyword.groovy:82)\r\n\tat com.kms.katalon.core.webui.keyword.builtin.VerifyTextNotPresentKeyword.execute(VerifyTextNotPresentKeyword.groovy:68)\r\n\tat com.kms.katalon.core.keyword.internal.KeywordExecutor.executeKeywordForPlatform(KeywordExecutor.groovy:99)\r\n\tat com.kms.katalon.core.webui.keyword.WebUiBuiltInKeywords.verifyTextNotPresent(WebUiBuiltInKeywords.groovy:1858)\r\n\tat TC-02-02_Nama project kosong.run(TC-02-02_Nama project kosong:92)\r\n\tat com.kms.katalon.core.main.ScriptEngine.run(ScriptEngine.java:203)\r\n\tat com.kms.katalon.core.main.ScriptEngine.runScriptAsRawText(ScriptEngine.java:115)\r\n\tat com.kms.katalon.core.main.TestCaseExecutor.runScript(TestCaseExecutor.java:504)\r\n\tat com.kms.katalon.core.main.TestCaseExecutor.doExecute(TestCaseExecutor.java:495)\r\n\tat com.kms.katalon.core.main.TestCaseExecutor.processExecutionPhase(TestCaseExecutor.java:474)\r\n\tat com.kms.katalon.core.main.TestCaseExecutor.accessMainPhase(TestCaseExecutor.java:466)\r\n\tat com.kms.katalon.core.main.TestCaseExecutor.execute(TestCaseExecutor.java:336)\r\n\tat com.kms.katalon.core.common.CommonExecutor.accessTestCaseMainPhase(CommonExecutor.java:71)\r\n\tat com.kms.katalon.core.main.TestSuiteExecutor.accessTestSuiteMainPhase(TestSuiteExecutor.java:153)\r\n\tat com.kms.katalon.core.main.TestSuiteExecutor.execute(TestSuiteExecutor.java:110)\r\n\tat com.kms.katalon.core.main.TestCaseMain.startTestSuite(TestCaseMain.java:206)\r\n\tat S0603_6.run(S0603_6.groovy:40)\r\n\tat java.base/jdk.internal.reflect.DirectMethodHandleAccessor.invoke(DirectMethodHandleAccessor.java:103)\r\nCaused by: com.kms.katalon.core.exception.StepFailedException: Text 'Sistem Manajemen Proyek Test Berbasis Web' is present on page \r\n\tat com.kms.katalon.core.webui.keyword.internal.WebUIKeywordMain.stepFailed(WebUIKeywordMain.groovy:177)\r\n\tat com.kms.katalon.core.webui.keyword.builtin.VerifyTextNotPresentKeyword$_verifyTextNotPresent_closure1.doCall(VerifyTextNotPresentKeyword.groovy:77)\r\n\tat com.kms.katalon.core.webui.keyword.builtin.VerifyTextNotPresentKeyword$_verifyTextNotPresent_closure1.call(VerifyTextNotPresentKeyword.groovy)\r\n\tat com.kms.katalon.core.webui.keyword.internal.WebUIKeywordMain.runKeyword(WebUIKeywordMain.groovy:41)\r\n\t... 18 more\r\n)
2026-06-03 21:58:31.175 ERROR c.k.katalon.core.main.TestCaseExecutor   - ❌ Test Cases/TS-02_ManajemenDataProyek/TC-02-02_Nama project kosong FAILED.\nReason:\ncom.kms.katalon.core.exception.StepFailedException: Unable to verify text 'Sistem Manajemen Proyek Test Berbasis Web' is not present \r\n\tat com.kms.katalon.core.webui.keyword.internal.WebUIKeywordMain.stepFailed(WebUIKeywordMain.groovy:177)\r\n\tat com.kms.katalon.core.webui.keyword.internal.WebUIKeywordMain.runKeyword(WebUIKeywordMain.groovy:49)\r\n\tat com.kms.katalon.core.webui.keyword.builtin.VerifyTextNotPresentKeyword.verifyTextNotPresent(VerifyTextNotPresentKeyword.groovy:82)\r\n\tat com.kms.katalon.core.webui.keyword.builtin.VerifyTextNotPresentKeyword.execute(VerifyTextNotPresentKeyword.groovy:68)\r\n\tat com.kms.katalon.core.keyword.internal.KeywordExecutor.executeKeywordForPlatform(KeywordExecutor.groovy:99)\r\n\tat com.kms.katalon.core.webui.keyword.WebUiBuiltInKeywords.verifyTextNotPresent(WebUiBuiltInKeywords.groovy:1858)\r\n\tat TC-02-02_Nama project kosong.run(TC-02-02_Nama project kosong:92)\r\n\tat com.kms.katalon.core.main.ScriptEngine.run(ScriptEngine.java:203)\r\n\tat com.kms.katalon.core.main.ScriptEngine.runScriptAsRawText(ScriptEngine.java:115)\r\n\tat com.kms.katalon.core.main.TestCaseExecutor.runScript(TestCaseExecutor.java:504)\r\n\tat com.kms.katalon.core.main.TestCaseExecutor.doExecute(TestCaseExecutor.java:495)\r\n\tat com.kms.katalon.core.main.TestCaseExecutor.processExecutionPhase(TestCaseExecutor.java:474)\r\n\tat com.kms.katalon.core.main.TestCaseExecutor.accessMainPhase(TestCaseExecutor.java:466)\r\n\tat com.kms.katalon.core.main.TestCaseExecutor.execute(TestCaseExecutor.java:336)\r\n\tat com.kms.katalon.core.common.CommonExecutor.accessTestCaseMainPhase(CommonExecutor.java:71)\r\n\tat com.kms.katalon.core.main.TestSuiteExecutor.accessTestSuiteMainPhase(TestSuiteExecutor.java:153)\r\n\tat com.kms.katalon.core.main.TestSuiteExecutor.execute(TestSuiteExecutor.java:110)\r\n\tat com.kms.katalon.core.main.TestCaseMain.startTestSuite(TestCaseMain.java:206)\r\n\tat S0603_6.run(S0603_6.groovy:40)\r\n\tat java.base/jdk.internal.reflect.DirectMethodHandleAccessor.invoke(DirectMethodHandleAccessor.java:103)\r\nCaused by: com.kms.katalon.core.exception.StepFailedException: Text 'Sistem Manajemen Proyek Test Berbasis Web' is present on page \r\n\tat com.kms.katalon.core.webui.keyword.internal.WebUIKeywordMain.stepFailed(WebUIKeywordMain.groovy:177)\r\n\tat com.kms.katalon.core.webui.keyword.builtin.VerifyTextNotPresentKeyword$_verifyTextNotPresent_closure1.doCall(VerifyTextNotPresentKeyword.groovy:77)\r\n\tat com.kms.katalon.core.webui.keyword.builtin.VerifyTextNotPresentKeyword$_verifyTextNotPresent_closure1.call(VerifyTextNotPresentKeyword.groovy)\r\n\tat com.kms.katalon.core.webui.keyword.internal.WebUIKeywordMain.runKeyword(WebUIKeywordMain.groovy:41)\r\n\t... 18 more\r\n
2026-06-03 21:58:31.180 INFO  c.k.katalon.core.main.TestCaseExecutor   - END Test Cases/TS-02_ManajemenDataProyek/TC-02-02_Nama project kosong
2026-06-03 21:58:31.185 INFO  c.k.katalon.core.main.TestCaseExecutor   - --------------------
2026-06-03 21:58:31.186 INFO  c.k.katalon.core.main.TestCaseExecutor   - START Test Cases/TS-02_ManajemenDataProyek/TC-02-02_Nama project kosong - Retry attempt 1
2026-06-03 21:58:31.215 DEBUG testcase.TC-02-02_Nama project kosong    - 1: openBrowser("")
2026-06-03 21:58:31.216 WARN  c.k.k.core.webui.driver.DriverFactory    - A browser is already opened. Closing browser and opening a new one
2026-06-03 21:58:31.514 INFO  c.k.k.core.webui.driver.DriverFactory    - Starting 'Chrome' driver
2026-06-03 21:58:31.516 INFO  c.k.k.core.webui.driver.DriverFactory    - Action delay is set to 0 milliseconds
2026-06-03 21:58:32.606 INFO  c.k.k.core.webui.driver.DriverFactory    - sessionId = 77a4bacacd5e9b6f181bdfb248a885c3
2026-06-03 21:58:32.609 INFO  c.k.k.core.webui.driver.DriverFactory    - browser = Chrome 148.0.7778.217
2026-06-03 21:58:32.610 INFO  c.k.k.core.webui.driver.DriverFactory    - platform = Windows 11
2026-06-03 21:58:32.610 INFO  c.k.k.core.webui.driver.DriverFactory    - seleniumVersion = 4.39.0
2026-06-03 21:58:32.611 INFO  c.k.k.core.webui.driver.DriverFactory    - proxyInformation = ProxyInformation { proxyOption=NO_PROXY, proxyServerType=HTTP, username=, password=********, proxyServerAddress=, proxyServerPort=0, executionList="", isApplyToDesiredCapabilities=true }
2026-06-03 21:58:32.629 DEBUG testcase.TC-02-02_Nama project kosong    - 2: navigateToUrl("https://gipm.destroidmous.my.id/login")
2026-06-03 21:58:32.937 DEBUG testcase.TC-02-02_Nama project kosong    - 3: setText(findTestObject("Page_Log in - GiPM/input_Email"), "Arnor@gmail.com")
2026-06-03 21:58:34.202 DEBUG testcase.TC-02-02_Nama project kosong    - 4: setEncryptedText(findTestObject("Page_Log in - GiPM/input_Password"), "yjcyc3Nku24=")
2026-06-03 21:58:34.595 DEBUG testcase.TC-02-02_Nama project kosong    - 5: click(findTestObject("Page_Log in - GiPM/button_Log in"))
2026-06-03 21:58:34.959 DEBUG testcase.TC-02-02_Nama project kosong    - 6: click(findTestObject("Page_Dashboard - GiPM/a_Projects"))
2026-06-03 21:58:35.851 DEBUG testcase.TC-02-02_Nama project kosong    - 7: click(findTestObject("Page_- GiPM/label_Arnora"))
2026-06-03 21:58:36.515 DEBUG testcase.TC-02-02_Nama project kosong    - 8: click(findTestObject("Page_- GiPM/label_ArnorDev"))
2026-06-03 21:58:37.103 DEBUG testcase.TC-02-02_Nama project kosong    - 9: click(findTestObject("Page_- GiPM/label_ArnoraUser"))
2026-06-03 21:58:37.739 DEBUG testcase.TC-02-02_Nama project kosong    - 10: setText(findTestObject("Page_- GiPM/input_w-full border rounded px-3 py-2"), "")
2026-06-03 21:58:38.709 DEBUG testcase.TC-02-02_Nama project kosong    - 11: click(findTestObject("Page_- GiPM/input_Login - 21"))
2026-06-03 21:58:39.152 DEBUG testcase.TC-02-02_Nama project kosong    - 12: click(findTestObject("Page_- GiPM/input_Logout - 3"))
2026-06-03 21:58:39.808 DEBUG testcase.TC-02-02_Nama project kosong    - 13: click(findTestObject("Page_- GiPM/input_Edit profil - 6"))
2026-06-03 21:58:40.481 DEBUG testcase.TC-02-02_Nama project kosong    - 14: click(findTestObject("Page_- GiPM/span_ganti password - 7"))
2026-06-03 21:58:41.112 DEBUG testcase.TC-02-02_Nama project kosong    - 15: click(findTestObject("Page_- GiPM/span_CRUD manajemen user  role - 30"))
2026-06-03 21:58:41.700 DEBUG testcase.TC-02-02_Nama project kosong    - 16: click(findTestObject("Page_- GiPM/span_CRUD Profil dan Identitas Desa - 13"))
2026-06-03 21:58:42.302 DEBUG testcase.TC-02-02_Nama project kosong    - 17: setText(findTestObject("Page_- GiPM/input_w-full border rounded px-3 py-2_1"), "5")
2026-06-03 21:58:43.319 DEBUG testcase.TC-02-02_Nama project kosong    - 18: setText(findTestObject("Page_- GiPM/input_w-full border rounded px-3 py-2_2"), "Pengembangan sistem manajemen proyek berbasis web untuk monitoring")
2026-06-03 21:58:44.517 DEBUG testcase.TC-02-02_Nama project kosong    - 19: setText(findTestObject("Page_- GiPM/input_w-full border rounded px-3 py-2_3"), "120")
2026-06-03 21:58:45.470 DEBUG testcase.TC-02-02_Nama project kosong    - 20: click(findTestObject("Page_- GiPM/input_w-full border rounded px-3 py-2_4"))
2026-06-03 21:58:46.046 DEBUG testcase.TC-02-02_Nama project kosong    - 21: setText(findTestObject("Page_- GiPM/input_w-full border rounded px-3 py-2_5"), "8")
2026-06-03 21:58:46.766 DEBUG testcase.TC-02-02_Nama project kosong    - 22: setText(findTestObject("Page_- GiPM/input_w-full border rounded px-3 py-2_6"), "50000")
2026-06-03 21:58:47.700 DEBUG testcase.TC-02-02_Nama project kosong    - 23: setText(findTestObject("Page_- GiPM/input_w-full border rounded px-3 py-2_7"), "500")
2026-06-03 21:58:48.659 DEBUG testcase.TC-02-02_Nama project kosong    - 24: click(findTestObject("Page_- GiPM/input_w-full border rounded px-3 py-2_8"))
2026-06-03 21:58:49.253 DEBUG testcase.TC-02-02_Nama project kosong    - 25: click(findTestObject("Page_- GiPM/input_w-full border rounded px-3 py-2_9"))
2026-06-03 21:58:49.637 DEBUG testcase.TC-02-02_Nama project kosong    - 26: click(findTestObject("Page_- GiPM/div_Biaya Awal Proyek"))
2026-06-03 21:58:50.015 DEBUG testcase.TC-02-02_Nama project kosong    - 27: click(findTestObject("Page_- GiPM/input_w-full border rounded px-3 py-2_8"))
2026-06-03 21:58:50.370 DEBUG testcase.TC-02-02_Nama project kosong    - 28: doubleClick(findTestObject("Page_- GiPM/input_w-full border rounded px-3 py-2_8"))
2026-06-03 21:58:50.836 DEBUG testcase.TC-02-02_Nama project kosong    - 29: click(findTestObject("Page_- GiPM/input_w-full border rounded px-3 py-2_8"))
2026-06-03 21:58:51.221 DEBUG testcase.TC-02-02_Nama project kosong    - 30: setText(findTestObject("Page_- GiPM/input_w-full border rounded px-3 py-2_9"), "15000000")
2026-06-03 21:58:52.017 DEBUG testcase.TC-02-02_Nama project kosong    - 31: click(findTestObject("Page_- GiPM/input_w-full border rounded px-3 py-2_10"))
2026-06-03 21:58:52.604 DEBUG testcase.TC-02-02_Nama project kosong    - 32: click(findTestObject("Page_- GiPM/input_w-full border rounded px-3 py-2_11"))
2026-06-03 21:58:52.943 DEBUG testcase.TC-02-02_Nama project kosong    - 33: setText(findTestObject("Page_- GiPM/input_w-full border rounded px-3 py-2_10"), "300")
2026-06-03 21:58:53.663 DEBUG testcase.TC-02-02_Nama project kosong    - 34: setText(findTestObject("Page_- GiPM/input_w-full border rounded px-3 py-2_12"), "5000000")
2026-06-03 21:58:54.655 DEBUG testcase.TC-02-02_Nama project kosong    - 35: setText(findTestObject("Page_- GiPM/input_w-full border rounded px-3 py-2_13"), "120")
2026-06-03 21:58:55.614 DEBUG testcase.TC-02-02_Nama project kosong    - 36: click(findTestObject("Page_- GiPM/button_Simpan Project"))
2026-06-03 21:58:56.218 DEBUG testcase.TC-02-02_Nama project kosong    - 37: verifyTextNotPresent("Sistem Manajemen Proyek Test Berbasis Web", false)
2026-06-03 21:58:56.881 ERROR c.k.k.core.keyword.internal.KeywordMain  - ❌ Text 'Sistem Manajemen Proyek Test Berbasis Web' is present on page  (Root cause: com.kms.katalon.core.exception.StepFailedException: Text 'Sistem Manajemen Proyek Test Berbasis Web' is present on page \r\n\tat com.kms.katalon.core.webui.keyword.internal.WebUIKeywordMain.stepFailed(WebUIKeywordMain.groovy:177)\r\n\tat com.kms.katalon.core.webui.keyword.builtin.VerifyTextNotPresentKeyword$_verifyTextNotPresent_closure1.doCall(VerifyTextNotPresentKeyword.groovy:77)\r\n\tat com.kms.katalon.core.webui.keyword.builtin.VerifyTextNotPresentKeyword$_verifyTextNotPresent_closure1.call(VerifyTextNotPresentKeyword.groovy)\r\n\tat com.kms.katalon.core.webui.keyword.internal.WebUIKeywordMain.runKeyword(WebUIKeywordMain.groovy:41)\r\n\tat com.kms.katalon.core.webui.keyword.builtin.VerifyTextNotPresentKeyword.verifyTextNotPresent(VerifyTextNotPresentKeyword.groovy:82)\r\n\tat com.kms.katalon.core.webui.keyword.builtin.VerifyTextNotPresentKeyword.execute(VerifyTextNotPresentKeyword.groovy:68)\r\n\tat com.kms.katalon.core.keyword.internal.KeywordExecutor.executeKeywordForPlatform(KeywordExecutor.groovy:99)\r\n\tat com.kms.katalon.core.webui.keyword.WebUiBuiltInKeywords.verifyTextNotPresent(WebUiBuiltInKeywords.groovy:1858)\r\n\tat TC-02-02_Nama project kosong.run(TC-02-02_Nama project kosong:92)\r\n\tat com.kms.katalon.core.main.ScriptEngine.run(ScriptEngine.java:203)\r\n\tat com.kms.katalon.core.main.ScriptEngine.runScriptAsRawText(ScriptEngine.java:115)\r\n\tat com.kms.katalon.core.main.TestCaseExecutor.runScript(TestCaseExecutor.java:504)\r\n\tat com.kms.katalon.core.main.TestCaseExecutor.doExecute(TestCaseExecutor.java:495)\r\n\tat com.kms.katalon.core.main.TestCaseExecutor.processExecutionPhase(TestCaseExecutor.java:474)\r\n\tat com.kms.katalon.core.main.TestCaseExecutor.accessMainPhase(TestCaseExecutor.java:466)\r\n\tat com.kms.katalon.core.main.TestCaseExecutor.execute(TestCaseExecutor.java:336)\r\n\tat com.kms.katalon.core.main.TestCaseExecutor.execute(TestCaseExecutor.java:424)\r\n\tat com.kms.katalon.core.common.CommonExecutor.accessTestCaseMainPhase(CommonExecutor.java:71)\r\n\tat com.kms.katalon.core.main.TestSuiteExecutor.accessTestSuiteMainPhase(TestSuiteExecutor.java:153)\r\n\tat com.kms.katalon.core.main.TestSuiteExecutor.execute(TestSuiteExecutor.java:110)\r\n\tat com.kms.katalon.core.main.TestCaseMain.startTestSuite(TestCaseMain.java:206)\r\n\tat S0603_6.run(S0603_6.groovy:40)\r\n\tat java.base/jdk.internal.reflect.DirectMethodHandleAccessor.invoke(DirectMethodHandleAccessor.java:103)\r\n)
2026-06-03 21:58:56.950 ERROR c.k.k.core.keyword.internal.KeywordMain  - ❌ Unable to verify text 'Sistem Manajemen Proyek Test Berbasis Web' is not present  (Root cause: com.kms.katalon.core.exception.StepFailedException: Unable to verify text 'Sistem Manajemen Proyek Test Berbasis Web' is not present \r\n\tat com.kms.katalon.core.webui.keyword.internal.WebUIKeywordMain.stepFailed(WebUIKeywordMain.groovy:177)\r\n\tat com.kms.katalon.core.webui.keyword.internal.WebUIKeywordMain.runKeyword(WebUIKeywordMain.groovy:49)\r\n\tat com.kms.katalon.core.webui.keyword.builtin.VerifyTextNotPresentKeyword.verifyTextNotPresent(VerifyTextNotPresentKeyword.groovy:82)\r\n\tat com.kms.katalon.core.webui.keyword.builtin.VerifyTextNotPresentKeyword.execute(VerifyTextNotPresentKeyword.groovy:68)\r\n\tat com.kms.katalon.core.keyword.internal.KeywordExecutor.executeKeywordForPlatform(KeywordExecutor.groovy:99)\r\n\tat com.kms.katalon.core.webui.keyword.WebUiBuiltInKeywords.verifyTextNotPresent(WebUiBuiltInKeywords.groovy:1858)\r\n\tat TC-02-02_Nama project kosong.run(TC-02-02_Nama project kosong:92)\r\n\tat com.kms.katalon.core.main.ScriptEngine.run(ScriptEngine.java:203)\r\n\tat com.kms.katalon.core.main.ScriptEngine.runScriptAsRawText(ScriptEngine.java:115)\r\n\tat com.kms.katalon.core.main.TestCaseExecutor.runScript(TestCaseExecutor.java:504)\r\n\tat com.kms.katalon.core.main.TestCaseExecutor.doExecute(TestCaseExecutor.java:495)\r\n\tat com.kms.katalon.core.main.TestCaseExecutor.processExecutionPhase(TestCaseExecutor.java:474)\r\n\tat com.kms.katalon.core.main.TestCaseExecutor.accessMainPhase(TestCaseExecutor.java:466)\r\n\tat com.kms.katalon.core.main.TestCaseExecutor.execute(TestCaseExecutor.java:336)\r\n\tat com.kms.katalon.core.main.TestCaseExecutor.execute(TestCaseExecutor.java:424)\r\n\tat com.kms.katalon.core.common.CommonExecutor.accessTestCaseMainPhase(CommonExecutor.java:71)\r\n\tat com.kms.katalon.core.main.TestSuiteExecutor.accessTestSuiteMainPhase(TestSuiteExecutor.java:153)\r\n\tat com.kms.katalon.core.main.TestSuiteExecutor.execute(TestSuiteExecutor.java:110)\r\n\tat com.kms.katalon.core.main.TestCaseMain.startTestSuite(TestCaseMain.java:206)\r\n\tat S0603_6.run(S0603_6.groovy:40)\r\n\tat java.base/jdk.internal.reflect.DirectMethodHandleAccessor.invoke(DirectMethodHandleAccessor.java:103)\r\nCaused by: com.kms.katalon.core.exception.StepFailedException: Text 'Sistem Manajemen Proyek Test Berbasis Web' is present on page \r\n\tat com.kms.katalon.core.webui.keyword.internal.WebUIKeywordMain.stepFailed(WebUIKeywordMain.groovy:177)\r\n\tat com.kms.katalon.core.webui.keyword.builtin.VerifyTextNotPresentKeyword$_verifyTextNotPresent_closure1.doCall(VerifyTextNotPresentKeyword.groovy:77)\r\n\tat com.kms.katalon.core.webui.keyword.builtin.VerifyTextNotPresentKeyword$_verifyTextNotPresent_closure1.call(VerifyTextNotPresentKeyword.groovy)\r\n\tat com.kms.katalon.core.webui.keyword.internal.WebUIKeywordMain.runKeyword(WebUIKeywordMain.groovy:41)\r\n\t... 19 more\r\n)
2026-06-03 21:58:56.955 ERROR c.k.katalon.core.main.TestCaseExecutor   - ❌ Test Cases/TS-02_ManajemenDataProyek/TC-02-02_Nama project kosong FAILED.\nReason:\ncom.kms.katalon.core.exception.StepFailedException: Unable to verify text 'Sistem Manajemen Proyek Test Berbasis Web' is not present \r\n\tat com.kms.katalon.core.webui.keyword.internal.WebUIKeywordMain.stepFailed(WebUIKeywordMain.groovy:177)\r\n\tat com.kms.katalon.core.webui.keyword.internal.WebUIKeywordMain.runKeyword(WebUIKeywordMain.groovy:49)\r\n\tat com.kms.katalon.core.webui.keyword.builtin.VerifyTextNotPresentKeyword.verifyTextNotPresent(VerifyTextNotPresentKeyword.groovy:82)\r\n\tat com.kms.katalon.core.webui.keyword.builtin.VerifyTextNotPresentKeyword.execute(VerifyTextNotPresentKeyword.groovy:68)\r\n\tat com.kms.katalon.core.keyword.internal.KeywordExecutor.executeKeywordForPlatform(KeywordExecutor.groovy:99)\r\n\tat com.kms.katalon.core.webui.keyword.WebUiBuiltInKeywords.verifyTextNotPresent(WebUiBuiltInKeywords.groovy:1858)\r\n\tat TC-02-02_Nama project kosong.run(TC-02-02_Nama project kosong:92)\r\n\tat com.kms.katalon.core.main.ScriptEngine.run(ScriptEngine.java:203)\r\n\tat com.kms.katalon.core.main.ScriptEngine.runScriptAsRawText(ScriptEngine.java:115)\r\n\tat com.kms.katalon.core.main.TestCaseExecutor.runScript(TestCaseExecutor.java:504)\r\n\tat com.kms.katalon.core.main.TestCaseExecutor.doExecute(TestCaseExecutor.java:495)\r\n\tat com.kms.katalon.core.main.TestCaseExecutor.processExecutionPhase(TestCaseExecutor.java:474)\r\n\tat com.kms.katalon.core.main.TestCaseExecutor.accessMainPhase(TestCaseExecutor.java:466)\r\n\tat com.kms.katalon.core.main.TestCaseExecutor.execute(TestCaseExecutor.java:336)\r\n\tat com.kms.katalon.core.main.TestCaseExecutor.execute(TestCaseExecutor.java:424)\r\n\tat com.kms.katalon.core.common.CommonExecutor.accessTestCaseMainPhase(CommonExecutor.java:71)\r\n\tat com.kms.katalon.core.main.TestSuiteExecutor.accessTestSuiteMainPhase(TestSuiteExecutor.java:153)\r\n\tat com.kms.katalon.core.main.TestSuiteExecutor.execute(TestSuiteExecutor.java:110)\r\n\tat com.kms.katalon.core.main.TestCaseMain.startTestSuite(TestCaseMain.java:206)\r\n\tat S0603_6.run(S0603_6.groovy:40)\r\n\tat java.base/jdk.internal.reflect.DirectMethodHandleAccessor.invoke(DirectMethodHandleAccessor.java:103)\r\nCaused by: com.kms.katalon.core.exception.StepFailedException: Text 'Sistem Manajemen Proyek Test Berbasis Web' is present on page \r\n\tat com.kms.katalon.core.webui.keyword.internal.WebUIKeywordMain.stepFailed(WebUIKeywordMain.groovy:177)\r\n\tat com.kms.katalon.core.webui.keyword.builtin.VerifyTextNotPresentKeyword$_verifyTextNotPresent_closure1.doCall(VerifyTextNotPresentKeyword.groovy:77)\r\n\tat com.kms.katalon.core.webui.keyword.builtin.VerifyTextNotPresentKeyword$_verifyTextNotPresent_closure1.call(VerifyTextNotPresentKeyword.groovy)\r\n\tat com.kms.katalon.core.webui.keyword.internal.WebUIKeywordMain.runKeyword(WebUIKeywordMain.groovy:41)\r\n\t... 19 more\r\n
2026-06-03 21:58:56.959 INFO  c.k.katalon.core.main.TestCaseExecutor   - END Test Cases/TS-02_ManajemenDataProyek/TC-02-02_Nama project kosong
2026-06-03 21:58:56.966 INFO  c.k.katalon.core.main.TestCaseExecutor   - --------------------
2026-06-03 21:58:56.966 INFO  c.k.katalon.core.main.TestCaseExecutor   - START Test Cases/TS-02_ManajemenDataProyek/TC-02-02_Nama project kosong - Retry attempt 2
2026-06-03 21:58:57.014 DEBUG testcase.TC-02-02_Nama project kosong    - 1: openBrowser("")
2026-06-03 21:58:57.015 WARN  c.k.k.core.webui.driver.DriverFactory    - A browser is already opened. Closing browser and opening a new one
2026-06-03 21:58:57.331 INFO  c.k.k.core.webui.driver.DriverFactory    - Starting 'Chrome' driver
2026-06-03 21:58:57.334 INFO  c.k.k.core.webui.driver.DriverFactory    - Action delay is set to 0 milliseconds
2026-06-03 21:58:58.535 INFO  c.k.k.core.webui.driver.DriverFactory    - sessionId = 69f04dda893a78218aac3eaad3e3d11c
2026-06-03 21:58:58.536 INFO  c.k.k.core.webui.driver.DriverFactory    - browser = Chrome 148.0.7778.217
2026-06-03 21:58:58.536 INFO  c.k.k.core.webui.driver.DriverFactory    - platform = Windows 11
2026-06-03 21:58:58.537 INFO  c.k.k.core.webui.driver.DriverFactory    - seleniumVersion = 4.39.0
2026-06-03 21:58:58.537 INFO  c.k.k.core.webui.driver.DriverFactory    - proxyInformation = ProxyInformation { proxyOption=NO_PROXY, proxyServerType=HTTP, username=, password=********, proxyServerAddress=, proxyServerPort=0, executionList="", isApplyToDesiredCapabilities=true }
2026-06-03 21:58:58.552 DEBUG testcase.TC-02-02_Nama project kosong    - 2: navigateToUrl("https://gipm.destroidmous.my.id/login")
2026-06-03 21:58:58.954 DEBUG testcase.TC-02-02_Nama project kosong    - 3: setText(findTestObject("Page_Log in - GiPM/input_Email"), "Arnor@gmail.com")
2026-06-03 21:59:00.237 DEBUG testcase.TC-02-02_Nama project kosong    - 4: setEncryptedText(findTestObject("Page_Log in - GiPM/input_Password"), "yjcyc3Nku24=")
2026-06-03 21:59:00.624 DEBUG testcase.TC-02-02_Nama project kosong    - 5: click(findTestObject("Page_Log in - GiPM/button_Log in"))
2026-06-03 21:59:00.977 DEBUG testcase.TC-02-02_Nama project kosong    - 6: click(findTestObject("Page_Dashboard - GiPM/a_Projects"))
2026-06-03 21:59:01.972 DEBUG testcase.TC-02-02_Nama project kosong    - 7: click(findTestObject("Page_- GiPM/label_Arnora"))
2026-06-03 21:59:02.639 DEBUG testcase.TC-02-02_Nama project kosong    - 8: click(findTestObject("Page_- GiPM/label_ArnorDev"))
2026-06-03 21:59:03.210 DEBUG testcase.TC-02-02_Nama project kosong    - 9: click(findTestObject("Page_- GiPM/label_ArnoraUser"))
2026-06-03 21:59:03.786 DEBUG testcase.TC-02-02_Nama project kosong    - 10: setText(findTestObject("Page_- GiPM/input_w-full border rounded px-3 py-2"), "")
2026-06-03 21:59:04.674 DEBUG testcase.TC-02-02_Nama project kosong    - 11: click(findTestObject("Page_- GiPM/input_Login - 21"))
2026-06-03 21:59:05.047 DEBUG testcase.TC-02-02_Nama project kosong    - 12: click(findTestObject("Page_- GiPM/input_Logout - 3"))
2026-06-03 21:59:05.615 DEBUG testcase.TC-02-02_Nama project kosong    - 13: click(findTestObject("Page_- GiPM/input_Edit profil - 6"))
2026-06-03 21:59:06.211 DEBUG testcase.TC-02-02_Nama project kosong    - 14: click(findTestObject("Page_- GiPM/span_ganti password - 7"))
2026-06-03 21:59:06.800 DEBUG testcase.TC-02-02_Nama project kosong    - 15: click(findTestObject("Page_- GiPM/span_CRUD manajemen user  role - 30"))
2026-06-03 21:59:07.460 DEBUG testcase.TC-02-02_Nama project kosong    - 16: click(findTestObject("Page_- GiPM/span_CRUD Profil dan Identitas Desa - 13"))
2026-06-03 21:59:08.065 DEBUG testcase.TC-02-02_Nama project kosong    - 17: setText(findTestObject("Page_- GiPM/input_w-full border rounded px-3 py-2_1"), "5")
2026-06-03 21:59:09.061 DEBUG testcase.TC-02-02_Nama project kosong    - 18: setText(findTestObject("Page_- GiPM/input_w-full border rounded px-3 py-2_2"), "Pengembangan sistem manajemen proyek berbasis web untuk monitoring")
2026-06-03 21:59:10.249 DEBUG testcase.TC-02-02_Nama project kosong    - 19: setText(findTestObject("Page_- GiPM/input_w-full border rounded px-3 py-2_3"), "120")
2026-06-03 21:59:11.172 DEBUG testcase.TC-02-02_Nama project kosong    - 20: click(findTestObject("Page_- GiPM/input_w-full border rounded px-3 py-2_4"))
2026-06-03 21:59:11.744 DEBUG testcase.TC-02-02_Nama project kosong    - 21: setText(findTestObject("Page_- GiPM/input_w-full border rounded px-3 py-2_5"), "8")
2026-06-03 21:59:12.418 DEBUG testcase.TC-02-02_Nama project kosong    - 22: setText(findTestObject("Page_- GiPM/input_w-full border rounded px-3 py-2_6"), "50000")
2026-06-03 21:59:13.418 DEBUG testcase.TC-02-02_Nama project kosong    - 23: setText(findTestObject("Page_- GiPM/input_w-full border rounded px-3 py-2_7"), "500")
2026-06-03 21:59:14.359 DEBUG testcase.TC-02-02_Nama project kosong    - 24: click(findTestObject("Page_- GiPM/input_w-full border rounded px-3 py-2_8"))
2026-06-03 21:59:14.989 DEBUG testcase.TC-02-02_Nama project kosong    - 25: click(findTestObject("Page_- GiPM/input_w-full border rounded px-3 py-2_9"))
2026-06-03 21:59:15.378 DEBUG testcase.TC-02-02_Nama project kosong    - 26: click(findTestObject("Page_- GiPM/div_Biaya Awal Proyek"))
