2026-06-03 22:00:04.075 INFO  c.k.k.c.l.logback.LogbackConfigurator    - Logback default configuration initialized from: C:\Users\Lenovo\.katalon\packages\KS-11.1.3\configuration\org.eclipse.osgi\150\0\.cp\resources\logback\logback-execution.xml
2026-06-03 22:00:04.080 INFO  c.k.k.c.l.logback.LogbackConfigurator    - Logback custom configuration initialized from: D:\UNILA\SKRIPSI\Pengujian\Functional Suitability\Functional-Suitability-GIPM\Include\config\log.properties
2026-06-03 22:00:04.872 INFO  c.k.katalon.core.main.TestSuiteExecutor  - START Test Suites/TS-02_ManajemenDataProyek
2026-06-03 22:00:04.957 INFO  c.k.katalon.core.main.TestSuiteExecutor  - userFullName = Arnora Mardiansyah
2026-06-03 22:00:04.959 INFO  c.k.katalon.core.main.TestSuiteExecutor  - projectName = Functional-Suitability-GIPM
2026-06-03 22:00:04.960 INFO  c.k.katalon.core.main.TestSuiteExecutor  - hostName = Lenovo - LAPTOP-5JN3FB4L
2026-06-03 22:00:04.962 INFO  c.k.katalon.core.main.TestSuiteExecutor  - os = Windows 11 64bit
2026-06-03 22:00:04.963 INFO  c.k.katalon.core.main.TestSuiteExecutor  - hostAddress = 192.168.1.1
2026-06-03 22:00:04.963 INFO  c.k.katalon.core.main.TestSuiteExecutor  - katalonVersion = 11.1.3.0
2026-06-03 22:00:05.102 INFO  c.k.katalon.core.main.TestCaseExecutor   - --------------------
2026-06-03 22:00:05.103 INFO  c.k.katalon.core.main.TestCaseExecutor   - START Test Cases/TS-02_ManajemenDataProyek/TC-02-01_Tambah project baru
2026-06-03 22:00:05.460 DEBUG testcase.TC-02-01_Tambah project baru    - 1: openBrowser("")
2026-06-03 22:00:05.745 INFO  c.k.k.core.webui.driver.DriverFactory    - Starting 'Chrome' driver
2026-06-03 22:00:05.809 INFO  c.k.k.core.webui.driver.DriverFactory    - Action delay is set to 0 milliseconds
2026-06-03 22:00:08.125 INFO  c.k.k.core.webui.driver.DriverFactory    - sessionId = a321701ad994b4e534b25c8e8635e094
2026-06-03 22:00:08.126 INFO  c.k.k.core.webui.driver.DriverFactory    - browser = Chrome 148.0.7778.217
2026-06-03 22:00:08.127 INFO  c.k.k.core.webui.driver.DriverFactory    - platform = Windows 11
2026-06-03 22:00:08.128 INFO  c.k.k.core.webui.driver.DriverFactory    - seleniumVersion = 4.39.0
2026-06-03 22:00:08.136 INFO  c.k.k.core.webui.driver.DriverFactory    - proxyInformation = ProxyInformation { proxyOption=NO_PROXY, proxyServerType=HTTP, username=, password=********, proxyServerAddress=, proxyServerPort=0, executionList="", isApplyToDesiredCapabilities=true }
2026-06-03 22:00:08.184 DEBUG testcase.TC-02-01_Tambah project baru    - 2: navigateToUrl("https://gipm.destroidmous.my.id/login")
2026-06-03 22:00:09.024 DEBUG testcase.TC-02-01_Tambah project baru    - 3: setText(findTestObject("Page_Log in - GiPM/input_Email"), "Arnor@gmail.com")
2026-06-03 22:00:10.403 DEBUG testcase.TC-02-01_Tambah project baru    - 4: setEncryptedText(findTestObject("Page_Log in - GiPM/input_Password"), "yjcyc3Nku24=")
2026-06-03 22:00:10.871 DEBUG testcase.TC-02-01_Tambah project baru    - 5: click(findTestObject("Page_Log in - GiPM/button_Log in"))
2026-06-03 22:00:11.261 DEBUG testcase.TC-02-01_Tambah project baru    - 6: click(findTestObject("Page_Dashboard - GiPM/a_Projects"))
2026-06-03 22:00:12.353 DEBUG testcase.TC-02-01_Tambah project baru    - 7: click(findTestObject("Page_- GiPM/label_Arnora"))
2026-06-03 22:00:13.055 DEBUG testcase.TC-02-01_Tambah project baru    - 8: click(findTestObject("Page_- GiPM/label_ArnorDev"))
2026-06-03 22:00:13.748 DEBUG testcase.TC-02-01_Tambah project baru    - 9: click(findTestObject("Page_- GiPM/label_ArnoraUser"))
2026-06-03 22:00:14.334 DEBUG testcase.TC-02-01_Tambah project baru    - 10: setText(findTestObject("Page_- GiPM/input_w-full border rounded px-3 py-2"), "Sistem Manajemen Proyek Test Berbasis Web")
2026-06-03 22:00:15.551 DEBUG testcase.TC-02-01_Tambah project baru    - 11: click(findTestObject("Page_- GiPM/input_Login - 21"))
2026-06-03 22:00:16.171 DEBUG testcase.TC-02-01_Tambah project baru    - 12: click(findTestObject("Page_- GiPM/input_Logout - 3"))
2026-06-03 22:00:16.785 DEBUG testcase.TC-02-01_Tambah project baru    - 13: click(findTestObject("Page_- GiPM/input_Edit profil - 6"))
2026-06-03 22:00:17.378 DEBUG testcase.TC-02-01_Tambah project baru    - 14: click(findTestObject("Page_- GiPM/span_ganti password - 7"))
2026-06-03 22:00:17.991 DEBUG testcase.TC-02-01_Tambah project baru    - 15: click(findTestObject("Page_- GiPM/span_CRUD manajemen user  role - 30"))
2026-06-03 22:00:18.629 DEBUG testcase.TC-02-01_Tambah project baru    - 16: click(findTestObject("Page_- GiPM/span_CRUD Profil dan Identitas Desa - 13"))
2026-06-03 22:00:19.234 DEBUG testcase.TC-02-01_Tambah project baru    - 17: setText(findTestObject("Page_- GiPM/input_w-full border rounded px-3 py-2_1"), "5")
2026-06-03 22:00:20.193 DEBUG testcase.TC-02-01_Tambah project baru    - 18: setText(findTestObject("Page_- GiPM/input_w-full border rounded px-3 py-2_2"), "Pengembangan sistem manajemen proyek berbasis web untuk monitoring")
2026-06-03 22:00:21.457 DEBUG testcase.TC-02-01_Tambah project baru    - 19: setText(findTestObject("Page_- GiPM/input_w-full border rounded px-3 py-2_3"), "120")
2026-06-03 22:00:22.437 DEBUG testcase.TC-02-01_Tambah project baru    - 20: click(findTestObject("Page_- GiPM/input_w-full border rounded px-3 py-2_4"))
2026-06-03 22:00:23.025 DEBUG testcase.TC-02-01_Tambah project baru    - 21: setText(findTestObject("Page_- GiPM/input_w-full border rounded px-3 py-2_5"), "8")
2026-06-03 22:00:23.747 DEBUG testcase.TC-02-01_Tambah project baru    - 22: setText(findTestObject("Page_- GiPM/input_w-full border rounded px-3 py-2_6"), "50000")
2026-06-03 22:00:24.704 DEBUG testcase.TC-02-01_Tambah project baru    - 23: setText(findTestObject("Page_- GiPM/input_w-full border rounded px-3 py-2_7"), "500")
2026-06-03 22:00:25.660 DEBUG testcase.TC-02-01_Tambah project baru    - 24: click(findTestObject("Page_- GiPM/input_w-full border rounded px-3 py-2_8"))
2026-06-03 22:00:26.325 DEBUG testcase.TC-02-01_Tambah project baru    - 25: click(findTestObject("Page_- GiPM/input_w-full border rounded px-3 py-2_9"))
2026-06-03 22:00:26.741 DEBUG testcase.TC-02-01_Tambah project baru    - 26: click(findTestObject("Page_- GiPM/div_Biaya Awal Proyek"))
2026-06-03 22:00:27.190 DEBUG testcase.TC-02-01_Tambah project baru    - 27: click(findTestObject("Page_- GiPM/input_w-full border rounded px-3 py-2_8"))
2026-06-03 22:00:27.575 DEBUG testcase.TC-02-01_Tambah project baru    - 28: doubleClick(findTestObject("Page_- GiPM/input_w-full border rounded px-3 py-2_8"))
2026-06-03 22:00:28.012 DEBUG testcase.TC-02-01_Tambah project baru    - 29: click(findTestObject("Page_- GiPM/input_w-full border rounded px-3 py-2_8"))
2026-06-03 22:00:28.378 DEBUG testcase.TC-02-01_Tambah project baru    - 30: setText(findTestObject("Page_- GiPM/input_w-full border rounded px-3 py-2_9"), "15000000")
2026-06-03 22:00:29.151 DEBUG testcase.TC-02-01_Tambah project baru    - 31: click(findTestObject("Page_- GiPM/input_w-full border rounded px-3 py-2_10"))
2026-06-03 22:00:29.778 DEBUG testcase.TC-02-01_Tambah project baru    - 32: click(findTestObject("Page_- GiPM/input_w-full border rounded px-3 py-2_11"))
2026-06-03 22:00:30.153 DEBUG testcase.TC-02-01_Tambah project baru    - 33: setText(findTestObject("Page_- GiPM/input_w-full border rounded px-3 py-2_10"), "300")
2026-06-03 22:00:30.910 DEBUG testcase.TC-02-01_Tambah project baru    - 34: setText(findTestObject("Page_- GiPM/input_w-full border rounded px-3 py-2_12"), "5000000")
2026-06-03 22:00:31.960 DEBUG testcase.TC-02-01_Tambah project baru    - 35: setText(findTestObject("Page_- GiPM/input_w-full border rounded px-3 py-2_13"), "120")
2026-06-03 22:00:32.964 DEBUG testcase.TC-02-01_Tambah project baru    - 36: click(findTestObject("Page_- GiPM/button_Simpan Project"))
2026-06-03 22:00:33.617 INFO  c.k.katalon.core.main.TestCaseExecutor   - END Test Cases/TS-02_ManajemenDataProyek/TC-02-01_Tambah project baru
2026-06-03 22:00:33.624 INFO  c.k.katalon.core.main.TestCaseExecutor   - --------------------
2026-06-03 22:00:33.624 INFO  c.k.katalon.core.main.TestCaseExecutor   - START Test Cases/TS-02_ManajemenDataProyek/TC-02-02_Nama project kosong
2026-06-03 22:00:33.745 DEBUG testcase.TC-02-02_Nama project kosong    - 1: openBrowser("")
2026-06-03 22:00:33.748 WARN  c.k.k.core.webui.driver.DriverFactory    - A browser is already opened. Closing browser and opening a new one
2026-06-03 22:00:34.087 INFO  c.k.k.core.webui.driver.DriverFactory    - Starting 'Chrome' driver
2026-06-03 22:00:34.089 INFO  c.k.k.core.webui.driver.DriverFactory    - Action delay is set to 0 milliseconds
2026-06-03 22:00:35.289 INFO  c.k.k.core.webui.driver.DriverFactory    - sessionId = 4b7394f1977f885eabe2aa2e4204497b
2026-06-03 22:00:35.290 INFO  c.k.k.core.webui.driver.DriverFactory    - browser = Chrome 148.0.7778.217
2026-06-03 22:00:35.291 INFO  c.k.k.core.webui.driver.DriverFactory    - platform = Windows 11
2026-06-03 22:00:35.291 INFO  c.k.k.core.webui.driver.DriverFactory    - seleniumVersion = 4.39.0
2026-06-03 22:00:35.292 INFO  c.k.k.core.webui.driver.DriverFactory    - proxyInformation = ProxyInformation { proxyOption=NO_PROXY, proxyServerType=HTTP, username=, password=********, proxyServerAddress=, proxyServerPort=0, executionList="", isApplyToDesiredCapabilities=true }
2026-06-03 22:00:35.322 DEBUG testcase.TC-02-02_Nama project kosong    - 2: navigateToUrl("https://gipm.destroidmous.my.id/login")
2026-06-03 22:00:35.896 DEBUG testcase.TC-02-02_Nama project kosong    - 3: setText(findTestObject("Page_Log in - GiPM/input_Email"), "Arnor@gmail.com")
2026-06-03 22:00:37.143 DEBUG testcase.TC-02-02_Nama project kosong    - 4: setEncryptedText(findTestObject("Page_Log in - GiPM/input_Password"), "yjcyc3Nku24=")
2026-06-03 22:00:37.583 DEBUG testcase.TC-02-02_Nama project kosong    - 5: click(findTestObject("Page_Log in - GiPM/button_Log in"))
2026-06-03 22:00:37.942 DEBUG testcase.TC-02-02_Nama project kosong    - 6: click(findTestObject("Page_Dashboard - GiPM/a_Projects"))
2026-06-03 22:00:38.881 DEBUG testcase.TC-02-02_Nama project kosong    - 7: click(findTestObject("Page_- GiPM/label_Arnora"))
2026-06-03 22:00:39.570 DEBUG testcase.TC-02-02_Nama project kosong    - 8: click(findTestObject("Page_- GiPM/label_ArnorDev"))
2026-06-03 22:00:40.172 DEBUG testcase.TC-02-02_Nama project kosong    - 9: click(findTestObject("Page_- GiPM/label_ArnoraUser"))
2026-06-03 22:00:40.779 DEBUG testcase.TC-02-02_Nama project kosong    - 10: setText(findTestObject("Page_- GiPM/input_w-full border rounded px-3 py-2"), "")
2026-06-03 22:00:41.762 DEBUG testcase.TC-02-02_Nama project kosong    - 11: click(findTestObject("Page_- GiPM/input_Login - 21"))
2026-06-03 22:00:42.159 DEBUG testcase.TC-02-02_Nama project kosong    - 12: click(findTestObject("Page_- GiPM/input_Logout - 3"))
2026-06-03 22:00:42.753 DEBUG testcase.TC-02-02_Nama project kosong    - 13: click(findTestObject("Page_- GiPM/input_Edit profil - 6"))
2026-06-03 22:00:43.354 DEBUG testcase.TC-02-02_Nama project kosong    - 14: click(findTestObject("Page_- GiPM/span_ganti password - 7"))
2026-06-03 22:00:43.936 DEBUG testcase.TC-02-02_Nama project kosong    - 15: click(findTestObject("Page_- GiPM/span_CRUD manajemen user  role - 30"))
2026-06-03 22:00:44.545 DEBUG testcase.TC-02-02_Nama project kosong    - 16: click(findTestObject("Page_- GiPM/span_CRUD Profil dan Identitas Desa - 13"))
2026-06-03 22:00:45.185 DEBUG testcase.TC-02-02_Nama project kosong    - 17: setText(findTestObject("Page_- GiPM/input_w-full border rounded px-3 py-2_1"), "5")
2026-06-03 22:00:46.153 DEBUG testcase.TC-02-02_Nama project kosong    - 18: setText(findTestObject("Page_- GiPM/input_w-full border rounded px-3 py-2_2"), "Pengembangan sistem manajemen proyek berbasis web untuk monitoring")
2026-06-03 22:00:47.385 DEBUG testcase.TC-02-02_Nama project kosong    - 19: setText(findTestObject("Page_- GiPM/input_w-full border rounded px-3 py-2_3"), "120")
2026-06-03 22:00:48.349 DEBUG testcase.TC-02-02_Nama project kosong    - 20: click(findTestObject("Page_- GiPM/input_w-full border rounded px-3 py-2_4"))
2026-06-03 22:00:48.983 DEBUG testcase.TC-02-02_Nama project kosong    - 21: setText(findTestObject("Page_- GiPM/input_w-full border rounded px-3 py-2_5"), "8")
2026-06-03 22:00:49.698 DEBUG testcase.TC-02-02_Nama project kosong    - 22: setText(findTestObject("Page_- GiPM/input_w-full border rounded px-3 py-2_6"), "50000")
2026-06-03 22:00:50.655 DEBUG testcase.TC-02-02_Nama project kosong    - 23: setText(findTestObject("Page_- GiPM/input_w-full border rounded px-3 py-2_7"), "500")
2026-06-03 22:00:51.610 DEBUG testcase.TC-02-02_Nama project kosong    - 24: click(findTestObject("Page_- GiPM/input_w-full border rounded px-3 py-2_8"))
2026-06-03 22:00:52.204 DEBUG testcase.TC-02-02_Nama project kosong    - 25: click(findTestObject("Page_- GiPM/input_w-full border rounded px-3 py-2_9"))
2026-06-03 22:00:52.592 DEBUG testcase.TC-02-02_Nama project kosong    - 26: click(findTestObject("Page_- GiPM/div_Biaya Awal Proyek"))
2026-06-03 22:00:53.029 DEBUG testcase.TC-02-02_Nama project kosong    - 27: click(findTestObject("Page_- GiPM/input_w-full border rounded px-3 py-2_8"))
2026-06-03 22:00:53.425 DEBUG testcase.TC-02-02_Nama project kosong    - 28: doubleClick(findTestObject("Page_- GiPM/input_w-full border rounded px-3 py-2_8"))
2026-06-03 22:00:53.875 DEBUG testcase.TC-02-02_Nama project kosong    - 29: click(findTestObject("Page_- GiPM/input_w-full border rounded px-3 py-2_8"))
2026-06-03 22:00:54.260 DEBUG testcase.TC-02-02_Nama project kosong    - 30: setText(findTestObject("Page_- GiPM/input_w-full border rounded px-3 py-2_9"), "15000000")
2026-06-03 22:00:55.048 DEBUG testcase.TC-02-02_Nama project kosong    - 31: click(findTestObject("Page_- GiPM/input_w-full border rounded px-3 py-2_10"))
2026-06-03 22:00:55.649 DEBUG testcase.TC-02-02_Nama project kosong    - 32: click(findTestObject("Page_- GiPM/input_w-full border rounded px-3 py-2_11"))
2026-06-03 22:00:56.043 DEBUG testcase.TC-02-02_Nama project kosong    - 33: setText(findTestObject("Page_- GiPM/input_w-full border rounded px-3 py-2_10"), "300")
2026-06-03 22:00:56.729 DEBUG testcase.TC-02-02_Nama project kosong    - 34: setText(findTestObject("Page_- GiPM/input_w-full border rounded px-3 py-2_12"), "5000000")
2026-06-03 22:00:57.737 DEBUG testcase.TC-02-02_Nama project kosong    - 35: setText(findTestObject("Page_- GiPM/input_w-full border rounded px-3 py-2_13"), "120")
2026-06-03 22:00:58.650 DEBUG testcase.TC-02-02_Nama project kosong    - 36: click(findTestObject("Page_- GiPM/button_Simpan Project"))
2026-06-03 22:00:59.261 DEBUG testcase.TC-02-02_Nama project kosong    - 37: verifyTextNotPresent("Sistem Manajemen Proyek Test Berbasis Web", false)
2026-06-03 22:00:59.949 ERROR c.k.k.core.keyword.internal.KeywordMain  - ❌ Text 'Sistem Manajemen Proyek Test Berbasis Web' is present on page  (Root cause: com.kms.katalon.core.exception.StepFailedException: Text 'Sistem Manajemen Proyek Test Berbasis Web' is present on page \r\n\tat com.kms.katalon.core.webui.keyword.internal.WebUIKeywordMain.stepFailed(WebUIKeywordMain.groovy:177)\r\n\tat com.kms.katalon.core.webui.keyword.builtin.VerifyTextNotPresentKeyword$_verifyTextNotPresent_closure1.doCall(VerifyTextNotPresentKeyword.groovy:77)\r\n\tat com.kms.katalon.core.webui.keyword.builtin.VerifyTextNotPresentKeyword$_verifyTextNotPresent_closure1.call(VerifyTextNotPresentKeyword.groovy)\r\n\tat com.kms.katalon.core.webui.keyword.internal.WebUIKeywordMain.runKeyword(WebUIKeywordMain.groovy:41)\r\n\tat com.kms.katalon.core.webui.keyword.builtin.VerifyTextNotPresentKeyword.verifyTextNotPresent(VerifyTextNotPresentKeyword.groovy:82)\r\n\tat com.kms.katalon.core.webui.keyword.builtin.VerifyTextNotPresentKeyword.execute(VerifyTextNotPresentKeyword.groovy:68)\r\n\tat com.kms.katalon.core.keyword.internal.KeywordExecutor.executeKeywordForPlatform(KeywordExecutor.groovy:99)\r\n\tat com.kms.katalon.core.webui.keyword.WebUiBuiltInKeywords.verifyTextNotPresent(WebUiBuiltInKeywords.groovy:1858)\r\n\tat TC-02-02_Nama project kosong.run(TC-02-02_Nama project kosong:92)\r\n\tat com.kms.katalon.core.main.ScriptEngine.run(ScriptEngine.java:203)\r\n\tat com.kms.katalon.core.main.ScriptEngine.runScriptAsRawText(ScriptEngine.java:115)\r\n\tat com.kms.katalon.core.main.TestCaseExecutor.runScript(TestCaseExecutor.java:504)\r\n\tat com.kms.katalon.core.main.TestCaseExecutor.doExecute(TestCaseExecutor.java:495)\r\n\tat com.kms.katalon.core.main.TestCaseExecutor.processExecutionPhase(TestCaseExecutor.java:474)\r\n\tat com.kms.katalon.core.main.TestCaseExecutor.accessMainPhase(TestCaseExecutor.java:466)\r\n\tat com.kms.katalon.core.main.TestCaseExecutor.execute(TestCaseExecutor.java:336)\r\n\tat com.kms.katalon.core.common.CommonExecutor.accessTestCaseMainPhase(CommonExecutor.java:71)\r\n\tat com.kms.katalon.core.main.TestSuiteExecutor.accessTestSuiteMainPhase(TestSuiteExecutor.java:153)\r\n\tat com.kms.katalon.core.main.TestSuiteExecutor.execute(TestSuiteExecutor.java:110)\r\n\tat com.kms.katalon.core.main.TestCaseMain.startTestSuite(TestCaseMain.java:206)\r\n\tat S0603_7.run(S0603_7.groovy:40)\r\n\tat java.base/jdk.internal.reflect.DirectMethodHandleAccessor.invoke(DirectMethodHandleAccessor.java:103)\r\n)
2026-06-03 22:01:00.071 ERROR c.k.k.core.keyword.internal.KeywordMain  - ❌ Unable to verify text 'Sistem Manajemen Proyek Test Berbasis Web' is not present  (Root cause: com.kms.katalon.core.exception.StepFailedException: Unable to verify text 'Sistem Manajemen Proyek Test Berbasis Web' is not present \r\n\tat com.kms.katalon.core.webui.keyword.internal.WebUIKeywordMain.stepFailed(WebUIKeywordMain.groovy:177)\r\n\tat com.kms.katalon.core.webui.keyword.internal.WebUIKeywordMain.runKeyword(WebUIKeywordMain.groovy:49)\r\n\tat com.kms.katalon.core.webui.keyword.builtin.VerifyTextNotPresentKeyword.verifyTextNotPresent(VerifyTextNotPresentKeyword.groovy:82)\r\n\tat com.kms.katalon.core.webui.keyword.builtin.VerifyTextNotPresentKeyword.execute(VerifyTextNotPresentKeyword.groovy:68)\r\n\tat com.kms.katalon.core.keyword.internal.KeywordExecutor.executeKeywordForPlatform(KeywordExecutor.groovy:99)\r\n\tat com.kms.katalon.core.webui.keyword.WebUiBuiltInKeywords.verifyTextNotPresent(WebUiBuiltInKeywords.groovy:1858)\r\n\tat TC-02-02_Nama project kosong.run(TC-02-02_Nama project kosong:92)\r\n\tat com.kms.katalon.core.main.ScriptEngine.run(ScriptEngine.java:203)\r\n\tat com.kms.katalon.core.main.ScriptEngine.runScriptAsRawText(ScriptEngine.java:115)\r\n\tat com.kms.katalon.core.main.TestCaseExecutor.runScript(TestCaseExecutor.java:504)\r\n\tat com.kms.katalon.core.main.TestCaseExecutor.doExecute(TestCaseExecutor.java:495)\r\n\tat com.kms.katalon.core.main.TestCaseExecutor.processExecutionPhase(TestCaseExecutor.java:474)\r\n\tat com.kms.katalon.core.main.TestCaseExecutor.accessMainPhase(TestCaseExecutor.java:466)\r\n\tat com.kms.katalon.core.main.TestCaseExecutor.execute(TestCaseExecutor.java:336)\r\n\tat com.kms.katalon.core.common.CommonExecutor.accessTestCaseMainPhase(CommonExecutor.java:71)\r\n\tat com.kms.katalon.core.main.TestSuiteExecutor.accessTestSuiteMainPhase(TestSuiteExecutor.java:153)\r\n\tat com.kms.katalon.core.main.TestSuiteExecutor.execute(TestSuiteExecutor.java:110)\r\n\tat com.kms.katalon.core.main.TestCaseMain.startTestSuite(TestCaseMain.java:206)\r\n\tat S0603_7.run(S0603_7.groovy:40)\r\n\tat java.base/jdk.internal.reflect.DirectMethodHandleAccessor.invoke(DirectMethodHandleAccessor.java:103)\r\nCaused by: com.kms.katalon.core.exception.StepFailedException: Text 'Sistem Manajemen Proyek Test Berbasis Web' is present on page \r\n\tat com.kms.katalon.core.webui.keyword.internal.WebUIKeywordMain.stepFailed(WebUIKeywordMain.groovy:177)\r\n\tat com.kms.katalon.core.webui.keyword.builtin.VerifyTextNotPresentKeyword$_verifyTextNotPresent_closure1.doCall(VerifyTextNotPresentKeyword.groovy:77)\r\n\tat com.kms.katalon.core.webui.keyword.builtin.VerifyTextNotPresentKeyword$_verifyTextNotPresent_closure1.call(VerifyTextNotPresentKeyword.groovy)\r\n\tat com.kms.katalon.core.webui.keyword.internal.WebUIKeywordMain.runKeyword(WebUIKeywordMain.groovy:41)\r\n\t... 18 more\r\n)
2026-06-03 22:01:00.076 ERROR c.k.katalon.core.main.TestCaseExecutor   - ❌ Test Cases/TS-02_ManajemenDataProyek/TC-02-02_Nama project kosong FAILED.\nReason:\ncom.kms.katalon.core.exception.StepFailedException: Unable to verify text 'Sistem Manajemen Proyek Test Berbasis Web' is not present \r\n\tat com.kms.katalon.core.webui.keyword.internal.WebUIKeywordMain.stepFailed(WebUIKeywordMain.groovy:177)\r\n\tat com.kms.katalon.core.webui.keyword.internal.WebUIKeywordMain.runKeyword(WebUIKeywordMain.groovy:49)\r\n\tat com.kms.katalon.core.webui.keyword.builtin.VerifyTextNotPresentKeyword.verifyTextNotPresent(VerifyTextNotPresentKeyword.groovy:82)\r\n\tat com.kms.katalon.core.webui.keyword.builtin.VerifyTextNotPresentKeyword.execute(VerifyTextNotPresentKeyword.groovy:68)\r\n\tat com.kms.katalon.core.keyword.internal.KeywordExecutor.executeKeywordForPlatform(KeywordExecutor.groovy:99)\r\n\tat com.kms.katalon.core.webui.keyword.WebUiBuiltInKeywords.verifyTextNotPresent(WebUiBuiltInKeywords.groovy:1858)\r\n\tat TC-02-02_Nama project kosong.run(TC-02-02_Nama project kosong:92)\r\n\tat com.kms.katalon.core.main.ScriptEngine.run(ScriptEngine.java:203)\r\n\tat com.kms.katalon.core.main.ScriptEngine.runScriptAsRawText(ScriptEngine.java:115)\r\n\tat com.kms.katalon.core.main.TestCaseExecutor.runScript(TestCaseExecutor.java:504)\r\n\tat com.kms.katalon.core.main.TestCaseExecutor.doExecute(TestCaseExecutor.java:495)\r\n\tat com.kms.katalon.core.main.TestCaseExecutor.processExecutionPhase(TestCaseExecutor.java:474)\r\n\tat com.kms.katalon.core.main.TestCaseExecutor.accessMainPhase(TestCaseExecutor.java:466)\r\n\tat com.kms.katalon.core.main.TestCaseExecutor.execute(TestCaseExecutor.java:336)\r\n\tat com.kms.katalon.core.common.CommonExecutor.accessTestCaseMainPhase(CommonExecutor.java:71)\r\n\tat com.kms.katalon.core.main.TestSuiteExecutor.accessTestSuiteMainPhase(TestSuiteExecutor.java:153)\r\n\tat com.kms.katalon.core.main.TestSuiteExecutor.execute(TestSuiteExecutor.java:110)\r\n\tat com.kms.katalon.core.main.TestCaseMain.startTestSuite(TestCaseMain.java:206)\r\n\tat S0603_7.run(S0603_7.groovy:40)\r\n\tat java.base/jdk.internal.reflect.DirectMethodHandleAccessor.invoke(DirectMethodHandleAccessor.java:103)\r\nCaused by: com.kms.katalon.core.exception.StepFailedException: Text 'Sistem Manajemen Proyek Test Berbasis Web' is present on page \r\n\tat com.kms.katalon.core.webui.keyword.internal.WebUIKeywordMain.stepFailed(WebUIKeywordMain.groovy:177)\r\n\tat com.kms.katalon.core.webui.keyword.builtin.VerifyTextNotPresentKeyword$_verifyTextNotPresent_closure1.doCall(VerifyTextNotPresentKeyword.groovy:77)\r\n\tat com.kms.katalon.core.webui.keyword.builtin.VerifyTextNotPresentKeyword$_verifyTextNotPresent_closure1.call(VerifyTextNotPresentKeyword.groovy)\r\n\tat com.kms.katalon.core.webui.keyword.internal.WebUIKeywordMain.runKeyword(WebUIKeywordMain.groovy:41)\r\n\t... 18 more\r\n
2026-06-03 22:01:00.079 INFO  c.k.katalon.core.main.TestCaseExecutor   - END Test Cases/TS-02_ManajemenDataProyek/TC-02-02_Nama project kosong
2026-06-03 22:01:00.083 INFO  c.k.katalon.core.main.TestCaseExecutor   - --------------------
2026-06-03 22:01:00.084 INFO  c.k.katalon.core.main.TestCaseExecutor   - START Test Cases/TS-02_ManajemenDataProyek/TC-02-02_Nama project kosong - Retry attempt 1
2026-06-03 22:01:00.107 DEBUG testcase.TC-02-02_Nama project kosong    - 1: openBrowser("")
2026-06-03 22:01:00.108 WARN  c.k.k.core.webui.driver.DriverFactory    - A browser is already opened. Closing browser and opening a new one
2026-06-03 22:01:00.326 INFO  c.k.k.core.webui.driver.DriverFactory    - Starting 'Chrome' driver
2026-06-03 22:01:00.328 INFO  c.k.k.core.webui.driver.DriverFactory    - Action delay is set to 0 milliseconds
2026-06-03 22:01:01.474 INFO  c.k.k.core.webui.driver.DriverFactory    - sessionId = 90ccbbe5d2f87016302d208f3556a995
2026-06-03 22:01:01.475 INFO  c.k.k.core.webui.driver.DriverFactory    - browser = Chrome 148.0.7778.217
2026-06-03 22:01:01.475 INFO  c.k.k.core.webui.driver.DriverFactory    - platform = Windows 11
2026-06-03 22:01:01.475 INFO  c.k.k.core.webui.driver.DriverFactory    - seleniumVersion = 4.39.0
2026-06-03 22:01:01.477 INFO  c.k.k.core.webui.driver.DriverFactory    - proxyInformation = ProxyInformation { proxyOption=NO_PROXY, proxyServerType=HTTP, username=, password=********, proxyServerAddress=, proxyServerPort=0, executionList="", isApplyToDesiredCapabilities=true }
2026-06-03 22:01:01.497 DEBUG testcase.TC-02-02_Nama project kosong    - 2: navigateToUrl("https://gipm.destroidmous.my.id/login")
2026-06-03 22:01:01.861 DEBUG testcase.TC-02-02_Nama project kosong    - 3: setText(findTestObject("Page_Log in - GiPM/input_Email"), "Arnor@gmail.com")
2026-06-03 22:01:03.224 DEBUG testcase.TC-02-02_Nama project kosong    - 4: setEncryptedText(findTestObject("Page_Log in - GiPM/input_Password"), "yjcyc3Nku24=")
2026-06-03 22:01:03.620 DEBUG testcase.TC-02-02_Nama project kosong    - 5: click(findTestObject("Page_Log in - GiPM/button_Log in"))
2026-06-03 22:01:03.998 DEBUG testcase.TC-02-02_Nama project kosong    - 6: click(findTestObject("Page_Dashboard - GiPM/a_Projects"))
2026-06-03 22:01:04.905 DEBUG testcase.TC-02-02_Nama project kosong    - 7: click(findTestObject("Page_- GiPM/label_Arnora"))
2026-06-03 22:01:05.601 DEBUG testcase.TC-02-02_Nama project kosong    - 8: click(findTestObject("Page_- GiPM/label_ArnorDev"))
2026-06-03 22:01:06.251 DEBUG testcase.TC-02-02_Nama project kosong    - 9: click(findTestObject("Page_- GiPM/label_ArnoraUser"))
2026-06-03 22:01:06.904 DEBUG testcase.TC-02-02_Nama project kosong    - 10: setText(findTestObject("Page_- GiPM/input_w-full border rounded px-3 py-2"), "")
2026-06-03 22:01:07.914 DEBUG testcase.TC-02-02_Nama project kosong    - 11: click(findTestObject("Page_- GiPM/input_Login - 21"))
2026-06-03 22:01:08.410 DEBUG testcase.TC-02-02_Nama project kosong    - 12: click(findTestObject("Page_- GiPM/input_Logout - 3"))
2026-06-03 22:01:09.185 DEBUG testcase.TC-02-02_Nama project kosong    - 13: click(findTestObject("Page_- GiPM/input_Edit profil - 6"))
2026-06-03 22:01:09.842 DEBUG testcase.TC-02-02_Nama project kosong    - 14: click(findTestObject("Page_- GiPM/span_ganti password - 7"))
2026-06-03 22:01:10.545 DEBUG testcase.TC-02-02_Nama project kosong    - 15: click(findTestObject("Page_- GiPM/span_CRUD manajemen user  role - 30"))
2026-06-03 22:01:11.245 DEBUG testcase.TC-02-02_Nama project kosong    - 16: click(findTestObject("Page_- GiPM/span_CRUD Profil dan Identitas Desa - 13"))
2026-06-03 22:01:11.929 DEBUG testcase.TC-02-02_Nama project kosong    - 17: setText(findTestObject("Page_- GiPM/input_w-full border rounded px-3 py-2_1"), "5")
2026-06-03 22:01:13.021 DEBUG testcase.TC-02-02_Nama project kosong    - 18: setText(findTestObject("Page_- GiPM/input_w-full border rounded px-3 py-2_2"), "Pengembangan sistem manajemen proyek berbasis web untuk monitoring")
2026-06-03 22:01:14.485 DEBUG testcase.TC-02-02_Nama project kosong    - 19: setText(findTestObject("Page_- GiPM/input_w-full border rounded px-3 py-2_3"), "120")
2026-06-03 22:01:15.484 DEBUG testcase.TC-02-02_Nama project kosong    - 20: click(findTestObject("Page_- GiPM/input_w-full border rounded px-3 py-2_4"))
2026-06-03 22:01:16.159 DEBUG testcase.TC-02-02_Nama project kosong    - 21: setText(findTestObject("Page_- GiPM/input_w-full border rounded px-3 py-2_5"), "8")
2026-06-03 22:01:16.963 DEBUG testcase.TC-02-02_Nama project kosong    - 22: setText(findTestObject("Page_- GiPM/input_w-full border rounded px-3 py-2_6"), "50000")
2026-06-03 22:01:17.980 DEBUG testcase.TC-02-02_Nama project kosong    - 23: setText(findTestObject("Page_- GiPM/input_w-full border rounded px-3 py-2_7"), "500")
2026-06-03 22:01:18.931 DEBUG testcase.TC-02-02_Nama project kosong    - 24: click(findTestObject("Page_- GiPM/input_w-full border rounded px-3 py-2_8"))
2026-06-03 22:01:19.579 DEBUG testcase.TC-02-02_Nama project kosong    - 25: click(findTestObject("Page_- GiPM/input_w-full border rounded px-3 py-2_9"))
2026-06-03 22:01:20.369 DEBUG testcase.TC-02-02_Nama project kosong    - 26: click(findTestObject("Page_- GiPM/div_Biaya Awal Proyek"))
2026-06-03 22:01:20.814 DEBUG testcase.TC-02-02_Nama project kosong    - 27: click(findTestObject("Page_- GiPM/input_w-full border rounded px-3 py-2_8"))
2026-06-03 22:01:21.238 DEBUG testcase.TC-02-02_Nama project kosong    - 28: doubleClick(findTestObject("Page_- GiPM/input_w-full border rounded px-3 py-2_8"))
2026-06-03 22:01:21.670 DEBUG testcase.TC-02-02_Nama project kosong    - 29: click(findTestObject("Page_- GiPM/input_w-full border rounded px-3 py-2_8"))
2026-06-03 22:01:22.038 DEBUG testcase.TC-02-02_Nama project kosong    - 30: setText(findTestObject("Page_- GiPM/input_w-full border rounded px-3 py-2_9"), "15000000")
2026-06-03 22:01:22.725 DEBUG testcase.TC-02-02_Nama project kosong    - 31: click(findTestObject("Page_- GiPM/input_w-full border rounded px-3 py-2_10"))
2026-06-03 22:01:23.322 DEBUG testcase.TC-02-02_Nama project kosong    - 32: click(findTestObject("Page_- GiPM/input_w-full border rounded px-3 py-2_11"))
2026-06-03 22:01:23.701 DEBUG testcase.TC-02-02_Nama project kosong    - 33: setText(findTestObject("Page_- GiPM/input_w-full border rounded px-3 py-2_10"), "300")
2026-06-03 22:01:24.388 DEBUG testcase.TC-02-02_Nama project kosong    - 34: setText(findTestObject("Page_- GiPM/input_w-full border rounded px-3 py-2_12"), "5000000")
2026-06-03 22:01:25.317 DEBUG testcase.TC-02-02_Nama project kosong    - 35: setText(findTestObject("Page_- GiPM/input_w-full border rounded px-3 py-2_13"), "120")
2026-06-03 22:01:26.260 DEBUG testcase.TC-02-02_Nama project kosong    - 36: click(findTestObject("Page_- GiPM/button_Simpan Project"))
2026-06-03 22:01:26.867 DEBUG testcase.TC-02-02_Nama project kosong    - 37: verifyTextNotPresent("Sistem Manajemen Proyek Test Berbasis Web", false)
2026-06-03 22:01:27.516 ERROR c.k.k.core.keyword.internal.KeywordMain  - ❌ Text 'Sistem Manajemen Proyek Test Berbasis Web' is present on page  (Root cause: com.kms.katalon.core.exception.StepFailedException: Text 'Sistem Manajemen Proyek Test Berbasis Web' is present on page \r\n\tat com.kms.katalon.core.webui.keyword.internal.WebUIKeywordMain.stepFailed(WebUIKeywordMain.groovy:177)\r\n\tat com.kms.katalon.core.webui.keyword.builtin.VerifyTextNotPresentKeyword$_verifyTextNotPresent_closure1.doCall(VerifyTextNotPresentKeyword.groovy:77)\r\n\tat com.kms.katalon.core.webui.keyword.builtin.VerifyTextNotPresentKeyword$_verifyTextNotPresent_closure1.call(VerifyTextNotPresentKeyword.groovy)\r\n\tat com.kms.katalon.core.webui.keyword.internal.WebUIKeywordMain.runKeyword(WebUIKeywordMain.groovy:41)\r\n\tat com.kms.katalon.core.webui.keyword.builtin.VerifyTextNotPresentKeyword.verifyTextNotPresent(VerifyTextNotPresentKeyword.groovy:82)\r\n\tat com.kms.katalon.core.webui.keyword.builtin.VerifyTextNotPresentKeyword.execute(VerifyTextNotPresentKeyword.groovy:68)\r\n\tat com.kms.katalon.core.keyword.internal.KeywordExecutor.executeKeywordForPlatform(KeywordExecutor.groovy:99)\r\n\tat com.kms.katalon.core.webui.keyword.WebUiBuiltInKeywords.verifyTextNotPresent(WebUiBuiltInKeywords.groovy:1858)\r\n\tat TC-02-02_Nama project kosong.run(TC-02-02_Nama project kosong:92)\r\n\tat com.kms.katalon.core.main.ScriptEngine.run(ScriptEngine.java:203)\r\n\tat com.kms.katalon.core.main.ScriptEngine.runScriptAsRawText(ScriptEngine.java:115)\r\n\tat com.kms.katalon.core.main.TestCaseExecutor.runScript(TestCaseExecutor.java:504)\r\n\tat com.kms.katalon.core.main.TestCaseExecutor.doExecute(TestCaseExecutor.java:495)\r\n\tat com.kms.katalon.core.main.TestCaseExecutor.processExecutionPhase(TestCaseExecutor.java:474)\r\n\tat com.kms.katalon.core.main.TestCaseExecutor.accessMainPhase(TestCaseExecutor.java:466)\r\n\tat com.kms.katalon.core.main.TestCaseExecutor.execute(TestCaseExecutor.java:336)\r\n\tat com.kms.katalon.core.main.TestCaseExecutor.execute(TestCaseExecutor.java:424)\r\n\tat com.kms.katalon.core.common.CommonExecutor.accessTestCaseMainPhase(CommonExecutor.java:71)\r\n\tat com.kms.katalon.core.main.TestSuiteExecutor.accessTestSuiteMainPhase(TestSuiteExecutor.java:153)\r\n\tat com.kms.katalon.core.main.TestSuiteExecutor.execute(TestSuiteExecutor.java:110)\r\n\tat com.kms.katalon.core.main.TestCaseMain.startTestSuite(TestCaseMain.java:206)\r\n\tat S0603_7.run(S0603_7.groovy:40)\r\n\tat java.base/jdk.internal.reflect.DirectMethodHandleAccessor.invoke(DirectMethodHandleAccessor.java:103)\r\n)
2026-06-03 22:01:27.620 ERROR c.k.k.core.keyword.internal.KeywordMain  - ❌ Unable to verify text 'Sistem Manajemen Proyek Test Berbasis Web' is not present  (Root cause: com.kms.katalon.core.exception.StepFailedException: Unable to verify text 'Sistem Manajemen Proyek Test Berbasis Web' is not present \r\n\tat com.kms.katalon.core.webui.keyword.internal.WebUIKeywordMain.stepFailed(WebUIKeywordMain.groovy:177)\r\n\tat com.kms.katalon.core.webui.keyword.internal.WebUIKeywordMain.runKeyword(WebUIKeywordMain.groovy:49)\r\n\tat com.kms.katalon.core.webui.keyword.builtin.VerifyTextNotPresentKeyword.verifyTextNotPresent(VerifyTextNotPresentKeyword.groovy:82)\r\n\tat com.kms.katalon.core.webui.keyword.builtin.VerifyTextNotPresentKeyword.execute(VerifyTextNotPresentKeyword.groovy:68)\r\n\tat com.kms.katalon.core.keyword.internal.KeywordExecutor.executeKeywordForPlatform(KeywordExecutor.groovy:99)\r\n\tat com.kms.katalon.core.webui.keyword.WebUiBuiltInKeywords.verifyTextNotPresent(WebUiBuiltInKeywords.groovy:1858)\r\n\tat TC-02-02_Nama project kosong.run(TC-02-02_Nama project kosong:92)\r\n\tat com.kms.katalon.core.main.ScriptEngine.run(ScriptEngine.java:203)\r\n\tat com.kms.katalon.core.main.ScriptEngine.runScriptAsRawText(ScriptEngine.java:115)\r\n\tat com.kms.katalon.core.main.TestCaseExecutor.runScript(TestCaseExecutor.java:504)\r\n\tat com.kms.katalon.core.main.TestCaseExecutor.doExecute(TestCaseExecutor.java:495)\r\n\tat com.kms.katalon.core.main.TestCaseExecutor.processExecutionPhase(TestCaseExecutor.java:474)\r\n\tat com.kms.katalon.core.main.TestCaseExecutor.accessMainPhase(TestCaseExecutor.java:466)\r\n\tat com.kms.katalon.core.main.TestCaseExecutor.execute(TestCaseExecutor.java:336)\r\n\tat com.kms.katalon.core.main.TestCaseExecutor.execute(TestCaseExecutor.java:424)\r\n\tat com.kms.katalon.core.common.CommonExecutor.accessTestCaseMainPhase(CommonExecutor.java:71)\r\n\tat com.kms.katalon.core.main.TestSuiteExecutor.accessTestSuiteMainPhase(TestSuiteExecutor.java:153)\r\n\tat com.kms.katalon.core.main.TestSuiteExecutor.execute(TestSuiteExecutor.java:110)\r\n\tat com.kms.katalon.core.main.TestCaseMain.startTestSuite(TestCaseMain.java:206)\r\n\tat S0603_7.run(S0603_7.groovy:40)\r\n\tat java.base/jdk.internal.reflect.DirectMethodHandleAccessor.invoke(DirectMethodHandleAccessor.java:103)\r\nCaused by: com.kms.katalon.core.exception.StepFailedException: Text 'Sistem Manajemen Proyek Test Berbasis Web' is present on page \r\n\tat com.kms.katalon.core.webui.keyword.internal.WebUIKeywordMain.stepFailed(WebUIKeywordMain.groovy:177)\r\n\tat com.kms.katalon.core.webui.keyword.builtin.VerifyTextNotPresentKeyword$_verifyTextNotPresent_closure1.doCall(VerifyTextNotPresentKeyword.groovy:77)\r\n\tat com.kms.katalon.core.webui.keyword.builtin.VerifyTextNotPresentKeyword$_verifyTextNotPresent_closure1.call(VerifyTextNotPresentKeyword.groovy)\r\n\tat com.kms.katalon.core.webui.keyword.internal.WebUIKeywordMain.runKeyword(WebUIKeywordMain.groovy:41)\r\n\t... 19 more\r\n)
2026-06-03 22:01:27.625 ERROR c.k.katalon.core.main.TestCaseExecutor   - ❌ Test Cases/TS-02_ManajemenDataProyek/TC-02-02_Nama project kosong FAILED.\nReason:\ncom.kms.katalon.core.exception.StepFailedException: Unable to verify text 'Sistem Manajemen Proyek Test Berbasis Web' is not present \r\n\tat com.kms.katalon.core.webui.keyword.internal.WebUIKeywordMain.stepFailed(WebUIKeywordMain.groovy:177)\r\n\tat com.kms.katalon.core.webui.keyword.internal.WebUIKeywordMain.runKeyword(WebUIKeywordMain.groovy:49)\r\n\tat com.kms.katalon.core.webui.keyword.builtin.VerifyTextNotPresentKeyword.verifyTextNotPresent(VerifyTextNotPresentKeyword.groovy:82)\r\n\tat com.kms.katalon.core.webui.keyword.builtin.VerifyTextNotPresentKeyword.execute(VerifyTextNotPresentKeyword.groovy:68)\r\n\tat com.kms.katalon.core.keyword.internal.KeywordExecutor.executeKeywordForPlatform(KeywordExecutor.groovy:99)\r\n\tat com.kms.katalon.core.webui.keyword.WebUiBuiltInKeywords.verifyTextNotPresent(WebUiBuiltInKeywords.groovy:1858)\r\n\tat TC-02-02_Nama project kosong.run(TC-02-02_Nama project kosong:92)\r\n\tat com.kms.katalon.core.main.ScriptEngine.run(ScriptEngine.java:203)\r\n\tat com.kms.katalon.core.main.ScriptEngine.runScriptAsRawText(ScriptEngine.java:115)\r\n\tat com.kms.katalon.core.main.TestCaseExecutor.runScript(TestCaseExecutor.java:504)\r\n\tat com.kms.katalon.core.main.TestCaseExecutor.doExecute(TestCaseExecutor.java:495)\r\n\tat com.kms.katalon.core.main.TestCaseExecutor.processExecutionPhase(TestCaseExecutor.java:474)\r\n\tat com.kms.katalon.core.main.TestCaseExecutor.accessMainPhase(TestCaseExecutor.java:466)\r\n\tat com.kms.katalon.core.main.TestCaseExecutor.execute(TestCaseExecutor.java:336)\r\n\tat com.kms.katalon.core.main.TestCaseExecutor.execute(TestCaseExecutor.java:424)\r\n\tat com.kms.katalon.core.common.CommonExecutor.accessTestCaseMainPhase(CommonExecutor.java:71)\r\n\tat com.kms.katalon.core.main.TestSuiteExecutor.accessTestSuiteMainPhase(TestSuiteExecutor.java:153)\r\n\tat com.kms.katalon.core.main.TestSuiteExecutor.execute(TestSuiteExecutor.java:110)\r\n\tat com.kms.katalon.core.main.TestCaseMain.startTestSuite(TestCaseMain.java:206)\r\n\tat S0603_7.run(S0603_7.groovy:40)\r\n\tat java.base/jdk.internal.reflect.DirectMethodHandleAccessor.invoke(DirectMethodHandleAccessor.java:103)\r\nCaused by: com.kms.katalon.core.exception.StepFailedException: Text 'Sistem Manajemen Proyek Test Berbasis Web' is present on page \r\n\tat com.kms.katalon.core.webui.keyword.internal.WebUIKeywordMain.stepFailed(WebUIKeywordMain.groovy:177)\r\n\tat com.kms.katalon.core.webui.keyword.builtin.VerifyTextNotPresentKeyword$_verifyTextNotPresent_closure1.doCall(VerifyTextNotPresentKeyword.groovy:77)\r\n\tat com.kms.katalon.core.webui.keyword.builtin.VerifyTextNotPresentKeyword$_verifyTextNotPresent_closure1.call(VerifyTextNotPresentKeyword.groovy)\r\n\tat com.kms.katalon.core.webui.keyword.internal.WebUIKeywordMain.runKeyword(WebUIKeywordMain.groovy:41)\r\n\t... 19 more\r\n
2026-06-03 22:01:27.628 INFO  c.k.katalon.core.main.TestCaseExecutor   - END Test Cases/TS-02_ManajemenDataProyek/TC-02-02_Nama project kosong
2026-06-03 22:01:27.635 INFO  c.k.katalon.core.main.TestCaseExecutor   - --------------------
2026-06-03 22:01:27.635 INFO  c.k.katalon.core.main.TestCaseExecutor   - START Test Cases/TS-02_ManajemenDataProyek/TC-02-02_Nama project kosong - Retry attempt 2
2026-06-03 22:01:27.660 DEBUG testcase.TC-02-02_Nama project kosong    - 1: openBrowser("")
2026-06-03 22:01:27.662 WARN  c.k.k.core.webui.driver.DriverFactory    - A browser is already opened. Closing browser and opening a new one
2026-06-03 22:01:28.023 INFO  c.k.k.core.webui.driver.DriverFactory    - Starting 'Chrome' driver
2026-06-03 22:01:28.024 INFO  c.k.k.core.webui.driver.DriverFactory    - Action delay is set to 0 milliseconds
2026-06-03 22:01:29.242 INFO  c.k.k.core.webui.driver.DriverFactory    - sessionId = 9582885b0450c29a1ae8b5d765fed915
2026-06-03 22:01:29.244 INFO  c.k.k.core.webui.driver.DriverFactory    - browser = Chrome 148.0.7778.217
2026-06-03 22:01:29.244 INFO  c.k.k.core.webui.driver.DriverFactory    - platform = Windows 11
2026-06-03 22:01:29.244 INFO  c.k.k.core.webui.driver.DriverFactory    - seleniumVersion = 4.39.0
2026-06-03 22:01:29.244 INFO  c.k.k.core.webui.driver.DriverFactory    - proxyInformation = ProxyInformation { proxyOption=NO_PROXY, proxyServerType=HTTP, username=, password=********, proxyServerAddress=, proxyServerPort=0, executionList="", isApplyToDesiredCapabilities=true }
2026-06-03 22:01:29.264 DEBUG testcase.TC-02-02_Nama project kosong    - 2: navigateToUrl("https://gipm.destroidmous.my.id/login")
2026-06-03 22:01:29.617 DEBUG testcase.TC-02-02_Nama project kosong    - 3: setText(findTestObject("Page_Log in - GiPM/input_Email"), "Arnor@gmail.com")
2026-06-03 22:01:30.949 DEBUG testcase.TC-02-02_Nama project kosong    - 4: setEncryptedText(findTestObject("Page_Log in - GiPM/input_Password"), "yjcyc3Nku24=")
2026-06-03 22:01:31.359 DEBUG testcase.TC-02-02_Nama project kosong    - 5: click(findTestObject("Page_Log in - GiPM/button_Log in"))
2026-06-03 22:01:31.714 DEBUG testcase.TC-02-02_Nama project kosong    - 6: click(findTestObject("Page_Dashboard - GiPM/a_Projects"))
2026-06-03 22:01:32.656 DEBUG testcase.TC-02-02_Nama project kosong    - 7: click(findTestObject("Page_- GiPM/label_Arnora"))
2026-06-03 22:01:33.448 DEBUG testcase.TC-02-02_Nama project kosong    - 8: click(findTestObject("Page_- GiPM/label_ArnorDev"))
2026-06-03 22:01:34.035 DEBUG testcase.TC-02-02_Nama project kosong    - 9: click(findTestObject("Page_- GiPM/label_ArnoraUser"))
2026-06-03 22:01:34.628 DEBUG testcase.TC-02-02_Nama project kosong    - 10: setText(findTestObject("Page_- GiPM/input_w-full border rounded px-3 py-2"), "")
2026-06-03 22:01:35.712 DEBUG testcase.TC-02-02_Nama project kosong    - 11: click(findTestObject("Page_- GiPM/input_Login - 21"))
2026-06-03 22:01:36.151 DEBUG testcase.TC-02-02_Nama project kosong    - 12: click(findTestObject("Page_- GiPM/input_Logout - 3"))
2026-06-03 22:01:36.837 DEBUG testcase.TC-02-02_Nama project kosong    - 13: click(findTestObject("Page_- GiPM/input_Edit profil - 6"))
2026-06-03 22:01:37.506 DEBUG testcase.TC-02-02_Nama project kosong    - 14: click(findTestObject("Page_- GiPM/span_ganti password - 7"))
2026-06-03 22:01:38.119 DEBUG testcase.TC-02-02_Nama project kosong    - 15: click(findTestObject("Page_- GiPM/span_CRUD manajemen user  role - 30"))
2026-06-03 22:01:38.779 DEBUG testcase.TC-02-02_Nama project kosong    - 16: click(findTestObject("Page_- GiPM/span_CRUD Profil dan Identitas Desa - 13"))
2026-06-03 22:01:39.407 DEBUG testcase.TC-02-02_Nama project kosong    - 17: setText(findTestObject("Page_- GiPM/input_w-full border rounded px-3 py-2_1"), "5")
2026-06-03 22:01:40.513 DEBUG testcase.TC-02-02_Nama project kosong    - 18: setText(findTestObject("Page_- GiPM/input_w-full border rounded px-3 py-2_2"), "Pengembangan sistem manajemen proyek berbasis web untuk monitoring")
2026-06-03 22:01:41.792 DEBUG testcase.TC-02-02_Nama project kosong    - 19: setText(findTestObject("Page_- GiPM/input_w-full border rounded px-3 py-2_3"), "120")
2026-06-03 22:01:42.752 DEBUG testcase.TC-02-02_Nama project kosong    - 20: click(findTestObject("Page_- GiPM/input_w-full border rounded px-3 py-2_4"))
2026-06-03 22:01:43.357 DEBUG testcase.TC-02-02_Nama project kosong    - 21: setText(findTestObject("Page_- GiPM/input_w-full border rounded px-3 py-2_5"), "8")
2026-06-03 22:01:44.053 DEBUG testcase.TC-02-02_Nama project kosong    - 22: setText(findTestObject("Page_- GiPM/input_w-full border rounded px-3 py-2_6"), "50000")
2026-06-03 22:01:44.964 DEBUG testcase.TC-02-02_Nama project kosong    - 23: setText(findTestObject("Page_- GiPM/input_w-full border rounded px-3 py-2_7"), "500")
2026-06-03 22:01:45.941 DEBUG testcase.TC-02-02_Nama project kosong    - 24: click(findTestObject("Page_- GiPM/input_w-full border rounded px-3 py-2_8"))
2026-06-03 22:01:46.571 DEBUG testcase.TC-02-02_Nama project kosong    - 25: click(findTestObject("Page_- GiPM/input_w-full border rounded px-3 py-2_9"))
2026-06-03 22:01:46.969 DEBUG testcase.TC-02-02_Nama project kosong    - 26: click(findTestObject("Page_- GiPM/div_Biaya Awal Proyek"))
2026-06-03 22:01:47.366 DEBUG testcase.TC-02-02_Nama project kosong    - 27: click(findTestObject("Page_- GiPM/input_w-full border rounded px-3 py-2_8"))
2026-06-03 22:01:47.795 DEBUG testcase.TC-02-02_Nama project kosong    - 28: doubleClick(findTestObject("Page_- GiPM/input_w-full border rounded px-3 py-2_8"))
2026-06-03 22:01:48.243 DEBUG testcase.TC-02-02_Nama project kosong    - 29: click(findTestObject("Page_- GiPM/input_w-full border rounded px-3 py-2_8"))
2026-06-03 22:01:48.673 DEBUG testcase.TC-02-02_Nama project kosong    - 30: setText(findTestObject("Page_- GiPM/input_w-full border rounded px-3 py-2_9"), "15000000")
2026-06-03 22:01:49.503 DEBUG testcase.TC-02-02_Nama project kosong    - 31: click(findTestObject("Page_- GiPM/input_w-full border rounded px-3 py-2_10"))
2026-06-03 22:01:50.152 DEBUG testcase.TC-02-02_Nama project kosong    - 32: click(findTestObject("Page_- GiPM/input_w-full border rounded px-3 py-2_11"))
2026-06-03 22:01:50.609 DEBUG testcase.TC-02-02_Nama project kosong    - 33: setText(findTestObject("Page_- GiPM/input_w-full border rounded px-3 py-2_10"), "300")
2026-06-03 22:01:51.454 DEBUG testcase.TC-02-02_Nama project kosong    - 34: setText(findTestObject("Page_- GiPM/input_w-full border rounded px-3 py-2_12"), "5000000")
2026-06-03 22:01:52.509 DEBUG testcase.TC-02-02_Nama project kosong    - 35: setText(findTestObject("Page_- GiPM/input_w-full border rounded px-3 py-2_13"), "120")
2026-06-03 22:01:53.542 DEBUG testcase.TC-02-02_Nama project kosong    - 36: click(findTestObject("Page_- GiPM/button_Simpan Project"))
2026-06-03 22:01:54.218 DEBUG testcase.TC-02-02_Nama project kosong    - 37: verifyTextNotPresent("Sistem Manajemen Proyek Test Berbasis Web", false)
2026-06-03 22:01:55.047 ERROR c.k.k.core.keyword.internal.KeywordMain  - ❌ Text 'Sistem Manajemen Proyek Test Berbasis Web' is present on page  (Root cause: com.kms.katalon.core.exception.StepFailedException: Text 'Sistem Manajemen Proyek Test Berbasis Web' is present on page \r\n\tat com.kms.katalon.core.webui.keyword.internal.WebUIKeywordMain.stepFailed(WebUIKeywordMain.groovy:177)\r\n\tat com.kms.katalon.core.webui.keyword.builtin.VerifyTextNotPresentKeyword$_verifyTextNotPresent_closure1.doCall(VerifyTextNotPresentKeyword.groovy:77)\r\n\tat com.kms.katalon.core.webui.keyword.builtin.VerifyTextNotPresentKeyword$_verifyTextNotPresent_closure1.call(VerifyTextNotPresentKeyword.groovy)\r\n\tat com.kms.katalon.core.webui.keyword.internal.WebUIKeywordMain.runKeyword(WebUIKeywordMain.groovy:41)\r\n\tat com.kms.katalon.core.webui.keyword.builtin.VerifyTextNotPresentKeyword.verifyTextNotPresent(VerifyTextNotPresentKeyword.groovy:82)\r\n\tat com.kms.katalon.core.webui.keyword.builtin.VerifyTextNotPresentKeyword.execute(VerifyTextNotPresentKeyword.groovy:68)\r\n\tat com.kms.katalon.core.keyword.internal.KeywordExecutor.executeKeywordForPlatform(KeywordExecutor.groovy:99)\r\n\tat com.kms.katalon.core.webui.keyword.WebUiBuiltInKeywords.verifyTextNotPresent(WebUiBuiltInKeywords.groovy:1858)\r\n\tat TC-02-02_Nama project kosong.run(TC-02-02_Nama project kosong:92)\r\n\tat com.kms.katalon.core.main.ScriptEngine.run(ScriptEngine.java:203)\r\n\tat com.kms.katalon.core.main.ScriptEngine.runScriptAsRawText(ScriptEngine.java:115)\r\n\tat com.kms.katalon.core.main.TestCaseExecutor.runScript(TestCaseExecutor.java:504)\r\n\tat com.kms.katalon.core.main.TestCaseExecutor.doExecute(TestCaseExecutor.java:495)\r\n\tat com.kms.katalon.core.main.TestCaseExecutor.processExecutionPhase(TestCaseExecutor.java:474)\r\n\tat com.kms.katalon.core.main.TestCaseExecutor.accessMainPhase(TestCaseExecutor.java:466)\r\n\tat com.kms.katalon.core.main.TestCaseExecutor.execute(TestCaseExecutor.java:336)\r\n\tat com.kms.katalon.core.main.TestCaseExecutor.execute(TestCaseExecutor.java:424)\r\n\tat com.kms.katalon.core.main.TestCaseExecutor.execute(TestCaseExecutor.java:424)\r\n\tat com.kms.katalon.core.common.CommonExecutor.accessTestCaseMainPhase(CommonExecutor.java:71)\r\n\tat com.kms.katalon.core.main.TestSuiteExecutor.accessTestSuiteMainPhase(TestSuiteExecutor.java:153)\r\n\tat com.kms.katalon.core.main.TestSuiteExecutor.execute(TestSuiteExecutor.java:110)\r\n\tat com.kms.katalon.core.main.TestCaseMain.startTestSuite(TestCaseMain.java:206)\r\n\tat S0603_7.run(S0603_7.groovy:40)\r\n\tat java.base/jdk.internal.reflect.DirectMethodHandleAccessor.invoke(DirectMethodHandleAccessor.java:103)\r\n)
2026-06-03 22:01:55.233 ERROR c.k.k.core.keyword.internal.KeywordMain  - ❌ Unable to verify text 'Sistem Manajemen Proyek Test Berbasis Web' is not present  (Root cause: com.kms.katalon.core.exception.StepFailedException: Unable to verify text 'Sistem Manajemen Proyek Test Berbasis Web' is not present \r\n\tat com.kms.katalon.core.webui.keyword.internal.WebUIKeywordMain.stepFailed(WebUIKeywordMain.groovy:177)\r\n\tat com.kms.katalon.core.webui.keyword.internal.WebUIKeywordMain.runKeyword(WebUIKeywordMain.groovy:49)\r\n\tat com.kms.katalon.core.webui.keyword.builtin.VerifyTextNotPresentKeyword.verifyTextNotPresent(VerifyTextNotPresentKeyword.groovy:82)\r\n\tat com.kms.katalon.core.webui.keyword.builtin.VerifyTextNotPresentKeyword.execute(VerifyTextNotPresentKeyword.groovy:68)\r\n\tat com.kms.katalon.core.keyword.internal.KeywordExecutor.executeKeywordForPlatform(KeywordExecutor.groovy:99)\r\n\tat com.kms.katalon.core.webui.keyword.WebUiBuiltInKeywords.verifyTextNotPresent(WebUiBuiltInKeywords.groovy:1858)\r\n\tat TC-02-02_Nama project kosong.run(TC-02-02_Nama project kosong:92)\r\n\tat com.kms.katalon.core.main.ScriptEngine.run(ScriptEngine.java:203)\r\n\tat com.kms.katalon.core.main.ScriptEngine.runScriptAsRawText(ScriptEngine.java:115)\r\n\tat com.kms.katalon.core.main.TestCaseExecutor.runScript(TestCaseExecutor.java:504)\r\n\tat com.kms.katalon.core.main.TestCaseExecutor.doExecute(TestCaseExecutor.java:495)\r\n\tat com.kms.katalon.core.main.TestCaseExecutor.processExecutionPhase(TestCaseExecutor.java:474)\r\n\tat com.kms.katalon.core.main.TestCaseExecutor.accessMainPhase(TestCaseExecutor.java:466)\r\n\tat com.kms.katalon.core.main.TestCaseExecutor.execute(TestCaseExecutor.java:336)\r\n\tat com.kms.katalon.core.main.TestCaseExecutor.execute(TestCaseExecutor.java:424)\r\n\tat com.kms.katalon.core.main.TestCaseExecutor.execute(TestCaseExecutor.java:424)\r\n\tat com.kms.katalon.core.common.CommonExecutor.accessTestCaseMainPhase(CommonExecutor.java:71)\r\n\tat com.kms.katalon.core.main.TestSuiteExecutor.accessTestSuiteMainPhase(TestSuiteExecutor.java:153)\r\n\tat com.kms.katalon.core.main.TestSuiteExecutor.execute(TestSuiteExecutor.java:110)\r\n\tat com.kms.katalon.core.main.TestCaseMain.startTestSuite(TestCaseMain.java:206)\r\n\tat S0603_7.run(S0603_7.groovy:40)\r\n\tat java.base/jdk.internal.reflect.DirectMethodHandleAccessor.invoke(DirectMethodHandleAccessor.java:103)\r\nCaused by: com.kms.katalon.core.exception.StepFailedException: Text 'Sistem Manajemen Proyek Test Berbasis Web' is present on page \r\n\tat com.kms.katalon.core.webui.keyword.internal.WebUIKeywordMain.stepFailed(WebUIKeywordMain.groovy:177)\r\n\tat com.kms.katalon.core.webui.keyword.builtin.VerifyTextNotPresentKeyword$_verifyTextNotPresent_closure1.doCall(VerifyTextNotPresentKeyword.groovy:77)\r\n\tat com.kms.katalon.core.webui.keyword.builtin.VerifyTextNotPresentKeyword$_verifyTextNotPresent_closure1.call(VerifyTextNotPresentKeyword.groovy)\r\n\tat com.kms.katalon.core.webui.keyword.internal.WebUIKeywordMain.runKeyword(WebUIKeywordMain.groovy:41)\r\n\t... 20 more\r\n)
2026-06-03 22:01:55.236 ERROR c.k.katalon.core.main.TestCaseExecutor   - ❌ Test Cases/TS-02_ManajemenDataProyek/TC-02-02_Nama project kosong FAILED.\nReason:\ncom.kms.katalon.core.exception.StepFailedException: Unable to verify text 'Sistem Manajemen Proyek Test Berbasis Web' is not present \r\n\tat com.kms.katalon.core.webui.keyword.internal.WebUIKeywordMain.stepFailed(WebUIKeywordMain.groovy:177)\r\n\tat com.kms.katalon.core.webui.keyword.internal.WebUIKeywordMain.runKeyword(WebUIKeywordMain.groovy:49)\r\n\tat com.kms.katalon.core.webui.keyword.builtin.VerifyTextNotPresentKeyword.verifyTextNotPresent(VerifyTextNotPresentKeyword.groovy:82)\r\n\tat com.kms.katalon.core.webui.keyword.builtin.VerifyTextNotPresentKeyword.execute(VerifyTextNotPresentKeyword.groovy:68)\r\n\tat com.kms.katalon.core.keyword.internal.KeywordExecutor.executeKeywordForPlatform(KeywordExecutor.groovy:99)\r\n\tat com.kms.katalon.core.webui.keyword.WebUiBuiltInKeywords.verifyTextNotPresent(WebUiBuiltInKeywords.groovy:1858)\r\n\tat TC-02-02_Nama project kosong.run(TC-02-02_Nama project kosong:92)\r\n\tat com.kms.katalon.core.main.ScriptEngine.run(ScriptEngine.java:203)\r\n\tat com.kms.katalon.core.main.ScriptEngine.runScriptAsRawText(ScriptEngine.java:115)\r\n\tat com.kms.katalon.core.main.TestCaseExecutor.runScript(TestCaseExecutor.java:504)\r\n\tat com.kms.katalon.core.main.TestCaseExecutor.doExecute(TestCaseExecutor.java:495)\r\n\tat com.kms.katalon.core.main.TestCaseExecutor.processExecutionPhase(TestCaseExecutor.java:474)\r\n\tat com.kms.katalon.core.main.TestCaseExecutor.accessMainPhase(TestCaseExecutor.java:466)\r\n\tat com.kms.katalon.core.main.TestCaseExecutor.execute(TestCaseExecutor.java:336)\r\n\tat com.kms.katalon.core.main.TestCaseExecutor.execute(TestCaseExecutor.java:424)\r\n\tat com.kms.katalon.core.main.TestCaseExecutor.execute(TestCaseExecutor.java:424)\r\n\tat com.kms.katalon.core.common.CommonExecutor.accessTestCaseMainPhase(CommonExecutor.java:71)\r\n\tat com.kms.katalon.core.main.TestSuiteExecutor.accessTestSuiteMainPhase(TestSuiteExecutor.java:153)\r\n\tat com.kms.katalon.core.main.TestSuiteExecutor.execute(TestSuiteExecutor.java:110)\r\n\tat com.kms.katalon.core.main.TestCaseMain.startTestSuite(TestCaseMain.java:206)\r\n\tat S0603_7.run(S0603_7.groovy:40)\r\n\tat java.base/jdk.internal.reflect.DirectMethodHandleAccessor.invoke(DirectMethodHandleAccessor.java:103)\r\nCaused by: com.kms.katalon.core.exception.StepFailedException: Text 'Sistem Manajemen Proyek Test Berbasis Web' is present on page \r\n\tat com.kms.katalon.core.webui.keyword.internal.WebUIKeywordMain.stepFailed(WebUIKeywordMain.groovy:177)\r\n\tat com.kms.katalon.core.webui.keyword.builtin.VerifyTextNotPresentKeyword$_verifyTextNotPresent_closure1.doCall(VerifyTextNotPresentKeyword.groovy:77)\r\n\tat com.kms.katalon.core.webui.keyword.builtin.VerifyTextNotPresentKeyword$_verifyTextNotPresent_closure1.call(VerifyTextNotPresentKeyword.groovy)\r\n\tat com.kms.katalon.core.webui.keyword.internal.WebUIKeywordMain.runKeyword(WebUIKeywordMain.groovy:41)\r\n\t... 20 more\r\n
2026-06-03 22:01:55.238 INFO  c.k.katalon.core.main.TestCaseExecutor   - END Test Cases/TS-02_ManajemenDataProyek/TC-02-02_Nama project kosong
2026-06-03 22:01:55.241 INFO  c.k.katalon.core.main.TestCaseExecutor   - --------------------
2026-06-03 22:01:55.241 INFO  c.k.katalon.core.main.TestCaseExecutor   - START Test Cases/TS-02_ManajemenDataProyek/TC-02-02_Nama project kosong - Retry attempt 3
2026-06-03 22:01:55.261 DEBUG testcase.TC-02-02_Nama project kosong    - 1: openBrowser("")
2026-06-03 22:01:55.263 WARN  c.k.k.core.webui.driver.DriverFactory    - A browser is already opened. Closing browser and opening a new one
2026-06-03 22:01:55.571 INFO  c.k.k.core.webui.driver.DriverFactory    - Starting 'Chrome' driver
2026-06-03 22:01:55.574 INFO  c.k.k.core.webui.driver.DriverFactory    - Action delay is set to 0 milliseconds
2026-06-03 22:01:56.886 INFO  c.k.k.core.webui.driver.DriverFactory    - sessionId = 4bd07da285773a1d7344b8411119fc83
2026-06-03 22:01:56.887 INFO  c.k.k.core.webui.driver.DriverFactory    - browser = Chrome 148.0.7778.217
2026-06-03 22:01:56.887 INFO  c.k.k.core.webui.driver.DriverFactory    - platform = Windows 11
2026-06-03 22:01:56.887 INFO  c.k.k.core.webui.driver.DriverFactory    - seleniumVersion = 4.39.0
2026-06-03 22:01:56.889 INFO  c.k.k.core.webui.driver.DriverFactory    - proxyInformation = ProxyInformation { proxyOption=NO_PROXY, proxyServerType=HTTP, username=, password=********, proxyServerAddress=, proxyServerPort=0, executionList="", isApplyToDesiredCapabilities=true }
2026-06-03 22:01:56.910 DEBUG testcase.TC-02-02_Nama project kosong    - 2: navigateToUrl("https://gipm.destroidmous.my.id/login")
2026-06-03 22:01:57.246 DEBUG testcase.TC-02-02_Nama project kosong    - 3: setText(findTestObject("Page_Log in - GiPM/input_Email"), "Arnor@gmail.com")
2026-06-03 22:01:58.507 DEBUG testcase.TC-02-02_Nama project kosong    - 4: setEncryptedText(findTestObject("Page_Log in - GiPM/input_Password"), "yjcyc3Nku24=")
2026-06-03 22:01:58.924 DEBUG testcase.TC-02-02_Nama project kosong    - 5: click(findTestObject("Page_Log in - GiPM/button_Log in"))
2026-06-03 22:01:59.304 DEBUG testcase.TC-02-02_Nama project kosong    - 6: click(findTestObject("Page_Dashboard - GiPM/a_Projects"))
2026-06-03 22:02:00.209 DEBUG testcase.TC-02-02_Nama project kosong    - 7: click(findTestObject("Page_- GiPM/label_Arnora"))
2026-06-03 22:02:00.947 DEBUG testcase.TC-02-02_Nama project kosong    - 8: click(findTestObject("Page_- GiPM/label_ArnorDev"))
2026-06-03 22:02:01.623 DEBUG testcase.TC-02-02_Nama project kosong    - 9: click(findTestObject("Page_- GiPM/label_ArnoraUser"))
2026-06-03 22:02:02.269 DEBUG testcase.TC-02-02_Nama project kosong    - 10: setText(findTestObject("Page_- GiPM/input_w-full border rounded px-3 py-2"), "")
2026-06-03 22:02:03.188 DEBUG testcase.TC-02-02_Nama project kosong    - 11: click(findTestObject("Page_- GiPM/input_Login - 21"))
2026-06-03 22:02:03.609 DEBUG testcase.TC-02-02_Nama project kosong    - 12: click(findTestObject("Page_- GiPM/input_Logout - 3"))
2026-06-03 22:02:04.227 DEBUG testcase.TC-02-02_Nama project kosong    - 13: click(findTestObject("Page_- GiPM/input_Edit profil - 6"))
2026-06-03 22:02:04.855 DEBUG testcase.TC-02-02_Nama project kosong    - 14: click(findTestObject("Page_- GiPM/span_ganti password - 7"))
2026-06-03 22:02:05.545 DEBUG testcase.TC-02-02_Nama project kosong    - 15: click(findTestObject("Page_- GiPM/span_CRUD manajemen user  role - 30"))
2026-06-03 22:02:15.572 INFO  c.k.s.e.healers.SelfHealingPipeline      - [AI Self-Healing] Recovering element locator by using AI Self-Healing...
2026-06-03 22:02:15.588 WARN  c.k.k.c.w.h.s.WebUIScreenCaptor          - Cannot take screenshot
2026-06-03 22:02:15.589 ERROR c.k.k.core.keyword.internal.KeywordMain  - ❌ Unable to click on object 'Object Repository/Page_- GiPM/span_CRUD manajemen user  role - 30' (Root cause: com.kms.katalon.core.exception.StepFailedException: Unable to click on object 'Object Repository/Page_- GiPM/span_CRUD manajemen user  role - 30'\r\n\tat com.kms.katalon.core.webui.keyword.internal.WebUIKeywordMain.stepFailed(WebUIKeywordMain.groovy:177)\r\n\tat com.kms.katalon.core.webui.keyword.internal.WebUIKeywordMain.runKeyword(WebUIKeywordMain.groovy:49)\r\n\tat com.kms.katalon.core.webui.keyword.internal.WebUIKeywordMain.runKeywordUntilTimeout(WebUIKeywordMain.groovy:133)\r\n\tat com.kms.katalon.core.webui.keyword.builtin.ClickKeyword.click(ClickKeyword.groovy:72)\r\n\tat com.kms.katalon.core.webui.keyword.builtin.ClickKeyword.execute(ClickKeyword.groovy:38)\r\n\tat com.kms.katalon.core.keyword.internal.KeywordExecutor.executeKeywordForPlatform(KeywordExecutor.groovy:99)\r\n\tat com.kms.katalon.core.webui.keyword.WebUiBuiltInKeywords.click(WebUiBuiltInKeywords.groovy:722)\r\n\tat TC-02-02_Nama project kosong.run(TC-02-02_Nama project kosong:48)\r\n\tat com.kms.katalon.core.main.ScriptEngine.run(ScriptEngine.java:203)\r\n\tat com.kms.katalon.core.main.ScriptEngine.runScriptAsRawText(ScriptEngine.java:115)\r\n\tat com.kms.katalon.core.main.TestCaseExecutor.runScript(TestCaseExecutor.java:504)\r\n\tat com.kms.katalon.core.main.TestCaseExecutor.doExecute(TestCaseExecutor.java:495)\r\n\tat com.kms.katalon.core.main.TestCaseExecutor.processExecutionPhase(TestCaseExecutor.java:474)\r\n\tat com.kms.katalon.core.main.TestCaseExecutor.accessMainPhase(TestCaseExecutor.java:466)\r\n\tat com.kms.katalon.core.main.TestCaseExecutor.execute(TestCaseExecutor.java:336)\r\n\tat com.kms.katalon.core.main.TestCaseExecutor.execute(TestCaseExecutor.java:424)\r\n\tat com.kms.katalon.core.main.TestCaseExecutor.execute(TestCaseExecutor.java:424)\r\n\tat com.kms.katalon.core.main.TestCaseExecutor.execute(TestCaseExecutor.java:424)\r\n\tat com.kms.katalon.core.common.CommonExecutor.accessTestCaseMainPhase(CommonExecutor.java:71)\r\n\tat com.kms.katalon.core.main.TestSuiteExecutor.accessTestSuiteMainPhase(TestSuiteExecutor.java:153)\r\n\tat com.kms.katalon.core.main.TestSuiteExecutor.execute(TestSuiteExecutor.java:110)\r\n\tat com.kms.katalon.core.main.TestCaseMain.startTestSuite(TestCaseMain.java:206)\r\n\tat S0603_7.run(S0603_7.groovy:40)\r\n\tat java.base/jdk.internal.reflect.DirectMethodHandleAccessor.invoke(DirectMethodHandleAccessor.java:103)\r\nCaused by: org.openqa.selenium.NoSuchSessionException: invalid session id\nBuild info: version: '4.39.0', revision: '126f156aee'\nSystem info: os.name: 'Windows 11', os.arch: 'amd64', os.version: '10.0', java.version: '21.0.9'\nDriver info: com.kms.katalon.selenium.driver.CChromeDriver\nCommand: [4bd07da285773a1d7344b8411119fc83, getPageSource {}]\nCapabilities {acceptInsecureCerts: false, browserName: chrome, browserVersion: 148.0.7778.217, chrome: {chromedriverVersion: 147.0.7727.57 (b4f28b5637d0..., userDataDir: C:\Users\Lenovo\AppData\Loc...}, fedcm:accounts: true, goog:chromeOptions: {debuggerAddress: localhost:62317}, goog:processID: 28020, networkConnectionEnabled: false, pageLoadStrategy: normal, platformName: windows, proxy: Proxy(), se:cdp: ws://localhost:62317/devtoo..., se:cdpVersion: 148.0.7778.217, setWindowRect: true, strictFileInteractability: false, timeouts: {implicit: 0, pageLoad: 300000, script: 30000}, unhandledPromptBehavior: {alert: ignore, beforeUnload: ignore, confirm: ignore, default: ignore, file: ignore, prompt: ignore}, webSocketUrl: ws://localhost:30276/sessio..., webauthn:extension:credBlob: true, webauthn:extension:largeBlob: true, webauthn:extension:minPinLength: true, webauthn:extension:prf: true, webauthn:virtualAuthenticators: true}\nSession ID: 4bd07da285773a1d7344b8411119fc83\r\n\tat java.base/jdk.internal.reflect.DirectConstructorHandleAccessor.newInstance(DirectConstructorHandleAccessor.java:62)\r\n\tat org.openqa.selenium.remote.ErrorCodec.decode(ErrorCodec.java:167)\r\n\tat org.openqa.selenium.remote.codec.w3c.W3CHttpResponseCodec.decode(W3CHttpResponseCodec.java:142)\r\n\tat org.openqa.selenium.remote.codec.w3c.W3CHttpResponseCodec.decode(W3CHttpResponseCodec.java:49)\r\n\tat org.openqa.selenium.remote.HttpCommandExecutor.execute(HttpCommandExecutor.java:215)\r\n\tat org.openqa.selenium.remote.service.DriverCommandExecutor.invokeExecute(DriverCommandExecutor.java:216)\r\n\tat org.openqa.selenium.remote.service.DriverCommandExecutor.execute(DriverCommandExecutor.java:174)\r\n\tat org.openqa.selenium.remote.RemoteWebDriver.execute(RemoteWebDriver.java:561)\r\n\tat org.openqa.selenium.remote.RemoteWebDriver.execute(RemoteWebDriver.java:638)\r\n\tat com.kms.katalon.selenium.driver.CChromeDriver.execute(CChromeDriver.java:22)\r\n\tat org.openqa.selenium.remote.RemoteWebDriver.execute(RemoteWebDriver.java:642)\r\n\tat org.openqa.selenium.remote.RemoteWebDriver.getPageSource(RemoteWebDriver.java:410)\r\n\tat java.base/jdk.internal.reflect.DirectMethodHandleAccessor.invoke(DirectMethodHandleAccessor.java:103)\r\n\tat org.openqa.selenium.support.decorators.WebDriverDecorator.call(WebDriverDecorator.java:326)\r\n\tat org.openqa.selenium.support.decorators.DefaultDecorated.call(DefaultDecorated.java:48)\r\n\tat org.openqa.selenium.support.decorators.WebDriverDecorator.lambda$createProxyFactory$3(WebDriverDecorator.java:416)\r\n\tat org.openqa.selenium.remote.RemoteWebDriver$ByteBuddy$LuPB3eCe.getPageSource(Unknown Source)\r\n\tat com.kms.katalon.core.aut.SeleniumAUT.getPageSource(SeleniumAUT.java:25)\r\n\tat com.kms.katalon.core.aut.WebAUT.getPageSource(WebAUT.java:16)\r\n\tat com.katalon.selfhealing.execution.healers.SelfHealingPipeline.lambda$1(SelfHealingPipeline.java:177)\r\n\tat com.kms.katalon.core.executionpipeline.SubExecutionPipeline.execute(SubExecutionPipeline.java:31)\r\n\tat com.kms.katalon.core.executionpipeline.SubExecutionPipeline.execute(SubExecutionPipeline.java:25)\r\n\tat com.kms.katalon.core.executionpipeline.ExecutionPipeline.execute(ExecutionPipeline.java:16)\r\n\tat com.katalon.selfhealing.execution.healers.SelfHealingPipeline.execute(SelfHealingPipeline.java:248)\r\n\tat com.kms.katalon.core.webui.keyword.internal.WebUIAbstractKeyword.findElemnentsWithSelfHealing(WebUIAbstractKeyword.java:215)\r\n\tat com.kms.katalon.core.webui.keyword.internal.WebUIAbstractKeyword.lambda$1(WebUIAbstractKeyword.java:126)\r\n\tat com.kms.katalon.core.webui.model.SeleniumActionRetryController.performAction(SeleniumActionRetryController.java:96)\r\n\tat com.kms.katalon.core.webui.model.SeleniumActionRetryController.performAction(SeleniumActionRetryController.java:83)\r\n\tat com.kms.katalon.core.webui.model.SeleniumActionRetryController.retry(SeleniumActionRetryController.java:49)\r\n\tat com.kms.katalon.core.webui.model.SeleniumActionRetryController.retry(SeleniumActionRetryController.java:44)\r\n\tat com.kms.katalon.core.webui.keyword.internal.WebUIAbstractKeyword.findWebElement(WebUIAbstractKeyword.java:116)\r\n\tat com.kms.katalon.core.webui.keyword.builtin.ClickKeyword$_click_closure1.doCall(ClickKeyword.groovy:52)\r\n\tat java.base/jdk.internal.reflect.DirectMethodHandleAccessor.invoke(DirectMethodHandleAccessor.java:103)\r\n\tat jdk.proxy2/jdk.proxy2.$Proxy56.execute(Unknown Source)\r\n\tat com.kms.katalon.core.webui.model.SeleniumActionRetryController.performAction(SeleniumActionRetryController.java:96)\r\n\tat com.kms.katalon.core.webui.model.SeleniumActionRetryController.performAction(SeleniumActionRetryController.java:83)\r\n\tat com.kms.katalon.core.webui.keyword.internal.WebUIKeywordMain$_runKeywordUntilTimeout_closure1.doCall(WebUIKeywordMain.groovy:135)\r\n\tat com.kms.katalon.core.webui.keyword.internal.WebUIKeywordMain$_runKeywordUntilTimeout_closure1.call(WebUIKeywordMain.groovy)\r\n\tat com.kms.katalon.core.webui.keyword.internal.WebUIKeywordMain.runKeyword(WebUIKeywordMain.groovy:41)\r\n\tat com.kms.katalon.core.webui.keyword.internal.WebUIKeywordMain.runKeywordUntilTimeout(WebUIKeywordMain.groovy:133)\r\n\tat com.kms.katalon.core.webui.keyword.builtin.ClickKeyword.click(ClickKeyword.groovy:72)\r\n\tat com.kms.katalon.core.webui.keyword.builtin.ClickKeyword.execute(ClickKeyword.groovy:38)\r\n\tat com.kms.katalon.core.keyword.internal.KeywordExecutor.executeKeywordForPlatform(KeywordExecutor.groovy:99)\r\n\tat com.kms.katalon.core.webui.keyword.WebUiBuiltInKeywords.click(WebUiBuiltInKeywords.groovy:722)\r\n\tat Script1780495925090.run(Script1780495925090.groovy:48)\r\n\t... 16 more\r\n)
2026-06-03 22:02:15.593 ERROR c.k.katalon.core.main.TestCaseExecutor   - ❌ Test Cases/TS-02_ManajemenDataProyek/TC-02-02_Nama project kosong FAILED.\nReason:\ncom.kms.katalon.core.exception.StepFailedException: Unable to click on object 'Object Repository/Page_- GiPM/span_CRUD manajemen user  role - 30'\r\n\tat com.kms.katalon.core.webui.keyword.internal.WebUIKeywordMain.stepFailed(WebUIKeywordMain.groovy:177)\r\n\tat com.kms.katalon.core.webui.keyword.internal.WebUIKeywordMain.runKeyword(WebUIKeywordMain.groovy:49)\r\n\tat com.kms.katalon.core.webui.keyword.internal.WebUIKeywordMain.runKeywordUntilTimeout(WebUIKeywordMain.groovy:133)\r\n\tat com.kms.katalon.core.webui.keyword.builtin.ClickKeyword.click(ClickKeyword.groovy:72)\r\n\tat com.kms.katalon.core.webui.keyword.builtin.ClickKeyword.execute(ClickKeyword.groovy:38)\r\n\tat com.kms.katalon.core.keyword.internal.KeywordExecutor.executeKeywordForPlatform(KeywordExecutor.groovy:99)\r\n\tat com.kms.katalon.core.webui.keyword.WebUiBuiltInKeywords.click(WebUiBuiltInKeywords.groovy:722)\r\n\tat TC-02-02_Nama project kosong.run(TC-02-02_Nama project kosong:48)\r\n\tat com.kms.katalon.core.main.ScriptEngine.run(ScriptEngine.java:203)\r\n\tat com.kms.katalon.core.main.ScriptEngine.runScriptAsRawText(ScriptEngine.java:115)\r\n\tat com.kms.katalon.core.main.TestCaseExecutor.runScript(TestCaseExecutor.java:504)\r\n\tat com.kms.katalon.core.main.TestCaseExecutor.doExecute(TestCaseExecutor.java:495)\r\n\tat com.kms.katalon.core.main.TestCaseExecutor.processExecutionPhase(TestCaseExecutor.java:474)\r\n\tat com.kms.katalon.core.main.TestCaseExecutor.accessMainPhase(TestCaseExecutor.java:466)\r\n\tat com.kms.katalon.core.main.TestCaseExecutor.execute(TestCaseExecutor.java:336)\r\n\tat com.kms.katalon.core.main.TestCaseExecutor.execute(TestCaseExecutor.java:424)\r\n\tat com.kms.katalon.core.main.TestCaseExecutor.execute(TestCaseExecutor.java:424)\r\n\tat com.kms.katalon.core.main.TestCaseExecutor.execute(TestCaseExecutor.java:424)\r\n\tat com.kms.katalon.core.common.CommonExecutor.accessTestCaseMainPhase(CommonExecutor.java:71)\r\n\tat com.kms.katalon.core.main.TestSuiteExecutor.accessTestSuiteMainPhase(TestSuiteExecutor.java:153)\r\n\tat com.kms.katalon.core.main.TestSuiteExecutor.execute(TestSuiteExecutor.java:110)\r\n\tat com.kms.katalon.core.main.TestCaseMain.startTestSuite(TestCaseMain.java:206)\r\n\tat S0603_7.run(S0603_7.groovy:40)\r\n\tat java.base/jdk.internal.reflect.DirectMethodHandleAccessor.invoke(DirectMethodHandleAccessor.java:103)\r\nCaused by: org.openqa.selenium.NoSuchSessionException: invalid session id\nBuild info: version: '4.39.0', revision: '126f156aee'\nSystem info: os.name: 'Windows 11', os.arch: 'amd64', os.version: '10.0', java.version: '21.0.9'\nDriver info: com.kms.katalon.selenium.driver.CChromeDriver\nCommand: [4bd07da285773a1d7344b8411119fc83, getPageSource {}]\nCapabilities {acceptInsecureCerts: false, browserName: chrome, browserVersion: 148.0.7778.217, chrome: {chromedriverVersion: 147.0.7727.57 (b4f28b5637d0..., userDataDir: C:\Users\Lenovo\AppData\Loc...}, fedcm:accounts: true, goog:chromeOptions: {debuggerAddress: localhost:62317}, goog:processID: 28020, networkConnectionEnabled: false, pageLoadStrategy: normal, platformName: windows, proxy: Proxy(), se:cdp: ws://localhost:62317/devtoo..., se:cdpVersion: 148.0.7778.217, setWindowRect: true, strictFileInteractability: false, timeouts: {implicit: 0, pageLoad: 300000, script: 30000}, unhandledPromptBehavior: {alert: ignore, beforeUnload: ignore, confirm: ignore, default: ignore, file: ignore, prompt: ignore}, webSocketUrl: ws://localhost:30276/sessio..., webauthn:extension:credBlob: true, webauthn:extension:largeBlob: true, webauthn:extension:minPinLength: true, webauthn:extension:prf: true, webauthn:virtualAuthenticators: true}\nSession ID: 4bd07da285773a1d7344b8411119fc83\r\n\tat java.base/jdk.internal.reflect.DirectConstructorHandleAccessor.newInstance(DirectConstructorHandleAccessor.java:62)\r\n\tat org.openqa.selenium.remote.ErrorCodec.decode(ErrorCodec.java:167)\r\n\tat org.openqa.selenium.remote.codec.w3c.W3CHttpResponseCodec.decode(W3CHttpResponseCodec.java:142)\r\n\tat org.openqa.selenium.remote.codec.w3c.W3CHttpResponseCodec.decode(W3CHttpResponseCodec.java:49)\r\n\tat org.openqa.selenium.remote.HttpCommandExecutor.execute(HttpCommandExecutor.java:215)\r\n\tat org.openqa.selenium.remote.service.DriverCommandExecutor.invokeExecute(DriverCommandExecutor.java:216)\r\n\tat org.openqa.selenium.remote.service.DriverCommandExecutor.execute(DriverCommandExecutor.java:174)\r\n\tat org.openqa.selenium.remote.RemoteWebDriver.execute(RemoteWebDriver.java:561)\r\n\tat org.openqa.selenium.remote.RemoteWebDriver.execute(RemoteWebDriver.java:638)\r\n\tat com.kms.katalon.selenium.driver.CChromeDriver.execute(CChromeDriver.java:22)\r\n\tat org.openqa.selenium.remote.RemoteWebDriver.execute(RemoteWebDriver.java:642)\r\n\tat org.openqa.selenium.remote.RemoteWebDriver.getPageSource(RemoteWebDriver.java:410)\r\n\tat java.base/jdk.internal.reflect.DirectMethodHandleAccessor.invoke(DirectMethodHandleAccessor.java:103)\r\n\tat org.openqa.selenium.support.decorators.WebDriverDecorator.call(WebDriverDecorator.java:326)\r\n\tat org.openqa.selenium.support.decorators.DefaultDecorated.call(DefaultDecorated.java:48)\r\n\tat org.openqa.selenium.support.decorators.WebDriverDecorator.lambda$createProxyFactory$3(WebDriverDecorator.java:416)\r\n\tat org.openqa.selenium.remote.RemoteWebDriver$ByteBuddy$LuPB3eCe.getPageSource(Unknown Source)\r\n\tat com.kms.katalon.core.aut.SeleniumAUT.getPageSource(SeleniumAUT.java:25)\r\n\tat com.kms.katalon.core.aut.WebAUT.getPageSource(WebAUT.java:16)\r\n\tat com.katalon.selfhealing.execution.healers.SelfHealingPipeline.lambda$1(SelfHealingPipeline.java:177)\r\n\tat com.kms.katalon.core.executionpipeline.SubExecutionPipeline.execute(SubExecutionPipeline.java:31)\r\n\tat com.kms.katalon.core.executionpipeline.SubExecutionPipeline.execute(SubExecutionPipeline.java:25)\r\n\tat com.kms.katalon.core.executionpipeline.ExecutionPipeline.execute(ExecutionPipeline.java:16)\r\n\tat com.katalon.selfhealing.execution.healers.SelfHealingPipeline.execute(SelfHealingPipeline.java:248)\r\n\tat com.kms.katalon.core.webui.keyword.internal.WebUIAbstractKeyword.findElemnentsWithSelfHealing(WebUIAbstractKeyword.java:215)\r\n\tat com.kms.katalon.core.webui.keyword.internal.WebUIAbstractKeyword.lambda$1(WebUIAbstractKeyword.java:126)\r\n\tat com.kms.katalon.core.webui.model.SeleniumActionRetryController.performAction(SeleniumActionRetryController.java:96)\r\n\tat com.kms.katalon.core.webui.model.SeleniumActionRetryController.performAction(SeleniumActionRetryController.java:83)\r\n\tat com.kms.katalon.core.webui.model.SeleniumActionRetryController.retry(SeleniumActionRetryController.java:49)\r\n\tat com.kms.katalon.core.webui.model.SeleniumActionRetryController.retry(SeleniumActionRetryController.java:44)\r\n\tat com.kms.katalon.core.webui.keyword.internal.WebUIAbstractKeyword.findWebElement(WebUIAbstractKeyword.java:116)\r\n\tat com.kms.katalon.core.webui.keyword.builtin.ClickKeyword$_click_closure1.doCall(ClickKeyword.groovy:52)\r\n\tat java.base/jdk.internal.reflect.DirectMethodHandleAccessor.invoke(DirectMethodHandleAccessor.java:103)\r\n\tat jdk.proxy2/jdk.proxy2.$Proxy56.execute(Unknown Source)\r\n\tat com.kms.katalon.core.webui.model.SeleniumActionRetryController.performAction(SeleniumActionRetryController.java:96)\r\n\tat com.kms.katalon.core.webui.model.SeleniumActionRetryController.performAction(SeleniumActionRetryController.java:83)\r\n\tat com.kms.katalon.core.webui.keyword.internal.WebUIKeywordMain$_runKeywordUntilTimeout_closure1.doCall(WebUIKeywordMain.groovy:135)\r\n\tat com.kms.katalon.core.webui.keyword.internal.WebUIKeywordMain$_runKeywordUntilTimeout_closure1.call(WebUIKeywordMain.groovy)\r\n\tat com.kms.katalon.core.webui.keyword.internal.WebUIKeywordMain.runKeyword(WebUIKeywordMain.groovy:41)\r\n\t... 22 more\r\n
2026-06-03 22:02:15.598 INFO  c.k.katalon.core.main.TestCaseExecutor   - END Test Cases/TS-02_ManajemenDataProyek/TC-02-02_Nama project kosong
2026-06-03 22:02:15.602 INFO  c.k.katalon.core.main.TestCaseExecutor   - --------------------
2026-06-03 22:02:15.602 INFO  c.k.katalon.core.main.TestCaseExecutor   - START Test Cases/TS-02_ManajemenDataProyek/TC-02-03_User Kosong
2026-06-03 22:02:15.700 DEBUG testcase.TC-02-03_User Kosong            - 1: openBrowser("")
2026-06-03 22:02:15.702 WARN  c.k.k.core.webui.driver.DriverFactory    - A browser is already opened. Closing browser and opening a new one
2026-06-03 22:02:15.723 INFO  c.k.k.core.webui.driver.DriverFactory    - Starting 'Chrome' driver
2026-06-03 22:02:15.725 INFO  c.k.k.core.webui.driver.DriverFactory    - Action delay is set to 0 milliseconds
2026-06-03 22:02:16.851 INFO  c.k.k.core.webui.driver.DriverFactory    - sessionId = 35a0c2af562203cff1a286122daf07ee
2026-06-03 22:02:16.851 INFO  c.k.k.core.webui.driver.DriverFactory    - browser = Chrome 148.0.7778.217
2026-06-03 22:02:16.851 INFO  c.k.k.core.webui.driver.DriverFactory    - platform = Windows 11
2026-06-03 22:02:16.852 INFO  c.k.k.core.webui.driver.DriverFactory    - seleniumVersion = 4.39.0
2026-06-03 22:02:16.852 INFO  c.k.k.core.webui.driver.DriverFactory    - proxyInformation = ProxyInformation { proxyOption=NO_PROXY, proxyServerType=HTTP, username=, password=********, proxyServerAddress=, proxyServerPort=0, executionList="", isApplyToDesiredCapabilities=true }
2026-06-03 22:02:16.865 DEBUG testcase.TC-02-03_User Kosong            - 2: navigateToUrl("https://gipm.destroidmous.my.id/login")
2026-06-03 22:02:17.190 DEBUG testcase.TC-02-03_User Kosong            - 3: setText(findTestObject("Page_Log in - GiPM/input_Email"), "Arnor@gmail.com")
2026-06-03 22:02:18.408 DEBUG testcase.TC-02-03_User Kosong            - 4: setEncryptedText(findTestObject("Page_Log in - GiPM/input_Password"), "yjcyc3Nku24=")
2026-06-03 22:02:18.799 DEBUG testcase.TC-02-03_User Kosong            - 5: click(findTestObject("Page_Log in - GiPM/button_Log in"))
2026-06-03 22:02:19.172 DEBUG testcase.TC-02-03_User Kosong            - 6: click(findTestObject("Page_Dashboard - GiPM/a_Projects"))
2026-06-03 22:02:20.078 DEBUG testcase.TC-02-03_User Kosong            - 7: setText(findTestObject("Page_- GiPM/input_w-full border rounded px-3 py-2"), "Sistem Manajemen Proyek Test Berbasis Web")
2026-06-03 22:02:21.441 DEBUG testcase.TC-02-03_User Kosong            - 8: click(findTestObject("Page_- GiPM/input_Login - 21"))
2026-06-03 22:02:22.154 DEBUG testcase.TC-02-03_User Kosong            - 9: click(findTestObject("Page_- GiPM/input_Logout - 3"))
2026-06-03 22:02:22.819 DEBUG testcase.TC-02-03_User Kosong            - 10: click(findTestObject("Page_- GiPM/input_Edit profil - 6"))
2026-06-03 22:02:23.474 DEBUG testcase.TC-02-03_User Kosong            - 11: click(findTestObject("Page_- GiPM/span_ganti password - 7"))
2026-06-03 22:02:24.095 DEBUG testcase.TC-02-03_User Kosong            - 12: click(findTestObject("Page_- GiPM/span_CRUD manajemen user  role - 30"))
2026-06-03 22:02:24.688 DEBUG testcase.TC-02-03_User Kosong            - 13: click(findTestObject("Page_- GiPM/span_CRUD Profil dan Identitas Desa - 13"))
2026-06-03 22:02:25.282 DEBUG testcase.TC-02-03_User Kosong            - 14: setText(findTestObject("Page_- GiPM/input_w-full border rounded px-3 py-2_1"), "5")
2026-06-03 22:02:26.265 DEBUG testcase.TC-02-03_User Kosong            - 15: setText(findTestObject("Page_- GiPM/input_w-full border rounded px-3 py-2_2"), "Pengembangan sistem manajemen proyek berbasis web untuk monitoring")
2026-06-03 22:02:27.467 DEBUG testcase.TC-02-03_User Kosong            - 16: setText(findTestObject("Page_- GiPM/input_w-full border rounded px-3 py-2_3"), "120")
2026-06-03 22:02:28.413 DEBUG testcase.TC-02-03_User Kosong            - 17: click(findTestObject("Page_- GiPM/input_w-full border rounded px-3 py-2_4"))
2026-06-03 22:02:29.013 DEBUG testcase.TC-02-03_User Kosong            - 18: setText(findTestObject("Page_- GiPM/input_w-full border rounded px-3 py-2_5"), "8")
2026-06-03 22:02:29.741 DEBUG testcase.TC-02-03_User Kosong            - 19: setText(findTestObject("Page_- GiPM/input_w-full border rounded px-3 py-2_6"), "50000")
2026-06-03 22:02:30.701 DEBUG testcase.TC-02-03_User Kosong            - 20: setText(findTestObject("Page_- GiPM/input_w-full border rounded px-3 py-2_7"), "500")
2026-06-03 22:02:31.621 DEBUG testcase.TC-02-03_User Kosong            - 21: click(findTestObject("Page_- GiPM/input_w-full border rounded px-3 py-2_8"))
2026-06-03 22:02:32.265 DEBUG testcase.TC-02-03_User Kosong            - 22: click(findTestObject("Page_- GiPM/input_w-full border rounded px-3 py-2_9"))
2026-06-03 22:02:32.666 DEBUG testcase.TC-02-03_User Kosong            - 23: click(findTestObject("Page_- GiPM/div_Biaya Awal Proyek"))
2026-06-03 22:02:33.039 DEBUG testcase.TC-02-03_User Kosong            - 24: click(findTestObject("Page_- GiPM/input_w-full border rounded px-3 py-2_8"))
2026-06-03 22:02:33.402 DEBUG testcase.TC-02-03_User Kosong            - 25: doubleClick(findTestObject("Page_- GiPM/input_w-full border rounded px-3 py-2_8"))
2026-06-03 22:02:33.870 DEBUG testcase.TC-02-03_User Kosong            - 26: click(findTestObject("Page_- GiPM/input_w-full border rounded px-3 py-2_8"))
2026-06-03 22:02:34.272 DEBUG testcase.TC-02-03_User Kosong            - 27: setText(findTestObject("Page_- GiPM/input_w-full border rounded px-3 py-2_9"), "15000000")
2026-06-03 22:02:35.015 DEBUG testcase.TC-02-03_User Kosong            - 28: click(findTestObject("Page_- GiPM/input_w-full border rounded px-3 py-2_10"))
2026-06-03 22:02:35.629 DEBUG testcase.TC-02-03_User Kosong            - 29: click(findTestObject("Page_- GiPM/input_w-full border rounded px-3 py-2_11"))
2026-06-03 22:02:36.043 DEBUG testcase.TC-02-03_User Kosong            - 30: setText(findTestObject("Page_- GiPM/input_w-full border rounded px-3 py-2_10"), "300")
2026-06-03 22:02:36.776 DEBUG testcase.TC-02-03_User Kosong            - 31: setText(findTestObject("Page_- GiPM/input_w-full border rounded px-3 py-2_12"), "5000000")
2026-06-03 22:02:37.747 DEBUG testcase.TC-02-03_User Kosong            - 32: setText(findTestObject("Page_- GiPM/input_w-full border rounded px-3 py-2_13"), "120")
2026-06-03 22:02:38.762 DEBUG testcase.TC-02-03_User Kosong            - 33: click(findTestObject("Page_- GiPM/button_Simpan Project"))
2026-06-03 22:02:39.385 DEBUG testcase.TC-02-03_User Kosong            - 34: verifyTextNotPresent("Sistem Manajemen Proyek Test Berbasis Web", false)
2026-06-03 22:02:40.051 ERROR c.k.k.core.keyword.internal.KeywordMain  - ❌ Text 'Sistem Manajemen Proyek Test Berbasis Web' is present on page  (Root cause: com.kms.katalon.core.exception.StepFailedException: Text 'Sistem Manajemen Proyek Test Berbasis Web' is present on page \r\n\tat com.kms.katalon.core.webui.keyword.internal.WebUIKeywordMain.stepFailed(WebUIKeywordMain.groovy:177)\r\n\tat com.kms.katalon.core.webui.keyword.builtin.VerifyTextNotPresentKeyword$_verifyTextNotPresent_closure1.doCall(VerifyTextNotPresentKeyword.groovy:77)\r\n\tat com.kms.katalon.core.webui.keyword.builtin.VerifyTextNotPresentKeyword$_verifyTextNotPresent_closure1.call(VerifyTextNotPresentKeyword.groovy)\r\n\tat com.kms.katalon.core.webui.keyword.internal.WebUIKeywordMain.runKeyword(WebUIKeywordMain.groovy:41)\r\n\tat com.kms.katalon.core.webui.keyword.builtin.VerifyTextNotPresentKeyword.verifyTextNotPresent(VerifyTextNotPresentKeyword.groovy:82)\r\n\tat com.kms.katalon.core.webui.keyword.builtin.VerifyTextNotPresentKeyword.execute(VerifyTextNotPresentKeyword.groovy:68)\r\n\tat com.kms.katalon.core.keyword.internal.KeywordExecutor.executeKeywordForPlatform(KeywordExecutor.groovy:99)\r\n\tat com.kms.katalon.core.webui.keyword.WebUiBuiltInKeywords.verifyTextNotPresent(WebUiBuiltInKeywords.groovy:1858)\r\n\tat TC-02-03_User Kosong.run(TC-02-03_User Kosong:86)\r\n\tat com.kms.katalon.core.main.ScriptEngine.run(ScriptEngine.java:203)\r\n\tat com.kms.katalon.core.main.ScriptEngine.runScriptAsRawText(ScriptEngine.java:115)\r\n\tat com.kms.katalon.core.main.TestCaseExecutor.runScript(TestCaseExecutor.java:504)\r\n\tat com.kms.katalon.core.main.TestCaseExecutor.doExecute(TestCaseExecutor.java:495)\r\n\tat com.kms.katalon.core.main.TestCaseExecutor.processExecutionPhase(TestCaseExecutor.java:474)\r\n\tat com.kms.katalon.core.main.TestCaseExecutor.accessMainPhase(TestCaseExecutor.java:466)\r\n\tat com.kms.katalon.core.main.TestCaseExecutor.execute(TestCaseExecutor.java:336)\r\n\tat com.kms.katalon.core.common.CommonExecutor.accessTestCaseMainPhase(CommonExecutor.java:71)\r\n\tat com.kms.katalon.core.main.TestSuiteExecutor.accessTestSuiteMainPhase(TestSuiteExecutor.java:153)\r\n\tat com.kms.katalon.core.main.TestSuiteExecutor.execute(TestSuiteExecutor.java:110)\r\n\tat com.kms.katalon.core.main.TestCaseMain.startTestSuite(TestCaseMain.java:206)\r\n\tat S0603_7.run(S0603_7.groovy:40)\r\n\tat java.base/jdk.internal.reflect.DirectMethodHandleAccessor.invoke(DirectMethodHandleAccessor.java:103)\r\n)
2026-06-03 22:02:40.135 ERROR c.k.k.core.keyword.internal.KeywordMain  - ❌ Unable to verify text 'Sistem Manajemen Proyek Test Berbasis Web' is not present  (Root cause: com.kms.katalon.core.exception.StepFailedException: Unable to verify text 'Sistem Manajemen Proyek Test Berbasis Web' is not present \r\n\tat com.kms.katalon.core.webui.keyword.internal.WebUIKeywordMain.stepFailed(WebUIKeywordMain.groovy:177)\r\n\tat com.kms.katalon.core.webui.keyword.internal.WebUIKeywordMain.runKeyword(WebUIKeywordMain.groovy:49)\r\n\tat com.kms.katalon.core.webui.keyword.builtin.VerifyTextNotPresentKeyword.verifyTextNotPresent(VerifyTextNotPresentKeyword.groovy:82)\r\n\tat com.kms.katalon.core.webui.keyword.builtin.VerifyTextNotPresentKeyword.execute(VerifyTextNotPresentKeyword.groovy:68)\r\n\tat com.kms.katalon.core.keyword.internal.KeywordExecutor.executeKeywordForPlatform(KeywordExecutor.groovy:99)\r\n\tat com.kms.katalon.core.webui.keyword.WebUiBuiltInKeywords.verifyTextNotPresent(WebUiBuiltInKeywords.groovy:1858)\r\n\tat TC-02-03_User Kosong.run(TC-02-03_User Kosong:86)\r\n\tat com.kms.katalon.core.main.ScriptEngine.run(ScriptEngine.java:203)\r\n\tat com.kms.katalon.core.main.ScriptEngine.runScriptAsRawText(ScriptEngine.java:115)\r\n\tat com.kms.katalon.core.main.TestCaseExecutor.runScript(TestCaseExecutor.java:504)\r\n\tat com.kms.katalon.core.main.TestCaseExecutor.doExecute(TestCaseExecutor.java:495)\r\n\tat com.kms.katalon.core.main.TestCaseExecutor.processExecutionPhase(TestCaseExecutor.java:474)\r\n\tat com.kms.katalon.core.main.TestCaseExecutor.accessMainPhase(TestCaseExecutor.java:466)\r\n\tat com.kms.katalon.core.main.TestCaseExecutor.execute(TestCaseExecutor.java:336)\r\n\tat com.kms.katalon.core.common.CommonExecutor.accessTestCaseMainPhase(CommonExecutor.java:71)\r\n\tat com.kms.katalon.core.main.TestSuiteExecutor.accessTestSuiteMainPhase(TestSuiteExecutor.java:153)\r\n\tat com.kms.katalon.core.main.TestSuiteExecutor.execute(TestSuiteExecutor.java:110)\r\n\tat com.kms.katalon.core.main.TestCaseMain.startTestSuite(TestCaseMain.java:206)\r\n\tat S0603_7.run(S0603_7.groovy:40)\r\n\tat java.base/jdk.internal.reflect.DirectMethodHandleAccessor.invoke(DirectMethodHandleAccessor.java:103)\r\nCaused by: com.kms.katalon.core.exception.StepFailedException: Text 'Sistem Manajemen Proyek Test Berbasis Web' is present on page \r\n\tat com.kms.katalon.core.webui.keyword.internal.WebUIKeywordMain.stepFailed(WebUIKeywordMain.groovy:177)\r\n\tat com.kms.katalon.core.webui.keyword.builtin.VerifyTextNotPresentKeyword$_verifyTextNotPresent_closure1.doCall(VerifyTextNotPresentKeyword.groovy:77)\r\n\tat com.kms.katalon.core.webui.keyword.builtin.VerifyTextNotPresentKeyword$_verifyTextNotPresent_closure1.call(VerifyTextNotPresentKeyword.groovy)\r\n\tat com.kms.katalon.core.webui.keyword.internal.WebUIKeywordMain.runKeyword(WebUIKeywordMain.groovy:41)\r\n\t... 18 more\r\n)
2026-06-03 22:02:40.138 ERROR c.k.katalon.core.main.TestCaseExecutor   - ❌ Test Cases/TS-02_ManajemenDataProyek/TC-02-03_User Kosong FAILED.\nReason:\ncom.kms.katalon.core.exception.StepFailedException: Unable to verify text 'Sistem Manajemen Proyek Test Berbasis Web' is not present \r\n\tat com.kms.katalon.core.webui.keyword.internal.WebUIKeywordMain.stepFailed(WebUIKeywordMain.groovy:177)\r\n\tat com.kms.katalon.core.webui.keyword.internal.WebUIKeywordMain.runKeyword(WebUIKeywordMain.groovy:49)\r\n\tat com.kms.katalon.core.webui.keyword.builtin.VerifyTextNotPresentKeyword.verifyTextNotPresent(VerifyTextNotPresentKeyword.groovy:82)\r\n\tat com.kms.katalon.core.webui.keyword.builtin.VerifyTextNotPresentKeyword.execute(VerifyTextNotPresentKeyword.groovy:68)\r\n\tat com.kms.katalon.core.keyword.internal.KeywordExecutor.executeKeywordForPlatform(KeywordExecutor.groovy:99)\r\n\tat com.kms.katalon.core.webui.keyword.WebUiBuiltInKeywords.verifyTextNotPresent(WebUiBuiltInKeywords.groovy:1858)\r\n\tat TC-02-03_User Kosong.run(TC-02-03_User Kosong:86)\r\n\tat com.kms.katalon.core.main.ScriptEngine.run(ScriptEngine.java:203)\r\n\tat com.kms.katalon.core.main.ScriptEngine.runScriptAsRawText(ScriptEngine.java:115)\r\n\tat com.kms.katalon.core.main.TestCaseExecutor.runScript(TestCaseExecutor.java:504)\r\n\tat com.kms.katalon.core.main.TestCaseExecutor.doExecute(TestCaseExecutor.java:495)\r\n\tat com.kms.katalon.core.main.TestCaseExecutor.processExecutionPhase(TestCaseExecutor.java:474)\r\n\tat com.kms.katalon.core.main.TestCaseExecutor.accessMainPhase(TestCaseExecutor.java:466)\r\n\tat com.kms.katalon.core.main.TestCaseExecutor.execute(TestCaseExecutor.java:336)\r\n\tat com.kms.katalon.core.common.CommonExecutor.accessTestCaseMainPhase(CommonExecutor.java:71)\r\n\tat com.kms.katalon.core.main.TestSuiteExecutor.accessTestSuiteMainPhase(TestSuiteExecutor.java:153)\r\n\tat com.kms.katalon.core.main.TestSuiteExecutor.execute(TestSuiteExecutor.java:110)\r\n\tat com.kms.katalon.core.main.TestCaseMain.startTestSuite(TestCaseMain.java:206)\r\n\tat S0603_7.run(S0603_7.groovy:40)\r\n\tat java.base/jdk.internal.reflect.DirectMethodHandleAccessor.invoke(DirectMethodHandleAccessor.java:103)\r\nCaused by: com.kms.katalon.core.exception.StepFailedException: Text 'Sistem Manajemen Proyek Test Berbasis Web' is present on page \r\n\tat com.kms.katalon.core.webui.keyword.internal.WebUIKeywordMain.stepFailed(WebUIKeywordMain.groovy:177)\r\n\tat com.kms.katalon.core.webui.keyword.builtin.VerifyTextNotPresentKeyword$_verifyTextNotPresent_closure1.doCall(VerifyTextNotPresentKeyword.groovy:77)\r\n\tat com.kms.katalon.core.webui.keyword.builtin.VerifyTextNotPresentKeyword$_verifyTextNotPresent_closure1.call(VerifyTextNotPresentKeyword.groovy)\r\n\tat com.kms.katalon.core.webui.keyword.internal.WebUIKeywordMain.runKeyword(WebUIKeywordMain.groovy:41)\r\n\t... 18 more\r\n
2026-06-03 22:02:40.139 INFO  c.k.katalon.core.main.TestCaseExecutor   - END Test Cases/TS-02_ManajemenDataProyek/TC-02-03_User Kosong
2026-06-03 22:02:40.142 INFO  c.k.katalon.core.main.TestCaseExecutor   - --------------------
2026-06-03 22:02:40.142 INFO  c.k.katalon.core.main.TestCaseExecutor   - START Test Cases/TS-02_ManajemenDataProyek/TC-02-03_User Kosong - Retry attempt 1
2026-06-03 22:02:40.156 DEBUG testcase.TC-02-03_User Kosong            - 1: openBrowser("")
2026-06-03 22:02:40.157 WARN  c.k.k.core.webui.driver.DriverFactory    - A browser is already opened. Closing browser and opening a new one
2026-06-03 22:02:40.548 INFO  c.k.k.core.webui.driver.DriverFactory    - Starting 'Chrome' driver
2026-06-03 22:02:40.551 INFO  c.k.k.core.webui.driver.DriverFactory    - Action delay is set to 0 milliseconds
2026-06-03 22:02:41.662 INFO  c.k.k.core.webui.driver.DriverFactory    - sessionId = a8877601478321f352662cc8616c37ea
2026-06-03 22:02:41.664 INFO  c.k.k.core.webui.driver.DriverFactory    - browser = Chrome 148.0.7778.217
2026-06-03 22:02:41.664 INFO  c.k.k.core.webui.driver.DriverFactory    - platform = Windows 11
2026-06-03 22:02:41.664 INFO  c.k.k.core.webui.driver.DriverFactory    - seleniumVersion = 4.39.0
2026-06-03 22:02:41.665 INFO  c.k.k.core.webui.driver.DriverFactory    - proxyInformation = ProxyInformation { proxyOption=NO_PROXY, proxyServerType=HTTP, username=, password=********, proxyServerAddress=, proxyServerPort=0, executionList="", isApplyToDesiredCapabilities=true }
2026-06-03 22:02:41.680 DEBUG testcase.TC-02-03_User Kosong            - 2: navigateToUrl("https://gipm.destroidmous.my.id/login")
2026-06-03 22:02:42.097 DEBUG testcase.TC-02-03_User Kosong            - 3: setText(findTestObject("Page_Log in - GiPM/input_Email"), "Arnor@gmail.com")
2026-06-03 22:02:43.463 DEBUG testcase.TC-02-03_User Kosong            - 4: setEncryptedText(findTestObject("Page_Log in - GiPM/input_Password"), "yjcyc3Nku24=")
2026-06-03 22:02:43.880 DEBUG testcase.TC-02-03_User Kosong            - 5: click(findTestObject("Page_Log in - GiPM/button_Log in"))
2026-06-03 22:02:44.267 DEBUG testcase.TC-02-03_User Kosong            - 6: click(findTestObject("Page_Dashboard - GiPM/a_Projects"))
2026-06-03 22:02:45.168 DEBUG testcase.TC-02-03_User Kosong            - 7: setText(findTestObject("Page_- GiPM/input_w-full border rounded px-3 py-2"), "Sistem Manajemen Proyek Test Berbasis Web")
